Component: ARM Compiler 5.05 (build 41) Tool: armlink [4d0eb9]

==============================================================================

Section Cross References

    system_stm32f10x.o(.text) refers to system_stm32f10x.o(.data) for SystemCoreClock
    startup_stm32f10x_hd_vl.o(STACK) refers (Special) to heapauxi.o(.text) for __use_two_region_memory
    startup_stm32f10x_hd_vl.o(HEAP) refers (Special) to heapauxi.o(.text) for __use_two_region_memory
    startup_stm32f10x_hd_vl.o(RESET) refers (Special) to heapauxi.o(.text) for __use_two_region_memory
    startup_stm32f10x_hd_vl.o(RESET) refers to startup_stm32f10x_hd_vl.o(STACK) for __initial_sp
    startup_stm32f10x_hd_vl.o(RESET) refers to startup_stm32f10x_hd_vl.o(.text) for Reset_Handler
    startup_stm32f10x_hd_vl.o(RESET) refers to stm32f10x_it.o(.text) for NMI_Handler
    startup_stm32f10x_hd_vl.o(RESET) refers to motor.o(.text) for EXTI0_IRQHandler
    startup_stm32f10x_hd_vl.o(RESET) refers to control.o(.text) for TIM2_IRQHandler
    startup_stm32f10x_hd_vl.o(RESET) refers to usart.o(.text) for USART1_IRQHandler
    startup_stm32f10x_hd_vl.o(.text) refers (Special) to heapauxi.o(.text) for __use_two_region_memory
    startup_stm32f10x_hd_vl.o(.text) refers to system_stm32f10x.o(.text) for SystemInit
    startup_stm32f10x_hd_vl.o(.text) refers to __main.o(!!!main) for __main
    startup_stm32f10x_hd_vl.o(.text) refers to startup_stm32f10x_hd_vl.o(HEAP) for Heap_Mem
    startup_stm32f10x_hd_vl.o(.text) refers to startup_stm32f10x_hd_vl.o(STACK) for Stack_Mem
    stm32f10x_adc.o(.text) refers to stm32f10x_rcc.o(.text) for RCC_APB2PeriphResetCmd
    stm32f10x_bkp.o(.text) refers to stm32f10x_rcc.o(.text) for RCC_BackupResetCmd
    stm32f10x_can.o(.text) refers to stm32f10x_rcc.o(.text) for RCC_APB1PeriphResetCmd
    stm32f10x_cec.o(.text) refers to stm32f10x_rcc.o(.text) for RCC_APB1PeriphResetCmd
    stm32f10x_dac.o(.text) refers to stm32f10x_rcc.o(.text) for RCC_APB1PeriphResetCmd
    stm32f10x_gpio.o(.text) refers to stm32f10x_rcc.o(.text) for RCC_APB2PeriphResetCmd
    stm32f10x_i2c.o(.text) refers to stm32f10x_rcc.o(.text) for RCC_APB1PeriphResetCmd
    stm32f10x_pwr.o(.text) refers to stm32f10x_rcc.o(.text) for RCC_APB1PeriphResetCmd
    stm32f10x_rcc.o(.text) refers to stm32f10x_rcc.o(.data) for APBAHBPrescTable
    stm32f10x_spi.o(.text) refers to stm32f10x_rcc.o(.text) for RCC_APB2PeriphResetCmd
    stm32f10x_tim.o(.text) refers to stm32f10x_rcc.o(.text) for RCC_APB2PeriphResetCmd
    stm32f10x_usart.o(.text) refers to stm32f10x_rcc.o(.text) for RCC_APB2PeriphResetCmd
    stm32f10x_wwdg.o(.text) refers to stm32f10x_rcc.o(.text) for RCC_APB1PeriphResetCmd
    gpio.o(.text) refers to stm32f10x_rcc.o(.text) for RCC_APB2PeriphClockCmd
    gpio.o(.text) refers to stm32f10x_gpio.o(.text) for GPIO_Init
    head_motor.o(.text) refers to stm32f10x_rcc.o(.text) for RCC_APB2PeriphClockCmd
    head_motor.o(.text) refers to stm32f10x_gpio.o(.text) for GPIO_Init
    head_motor.o(.text) refers to head_motor.o(.data) for head_Pos
    motor.o(.text) refers to stm32f10x_rcc.o(.text) for RCC_APB2PeriphClockCmd
    motor.o(.text) refers to stm32f10x_gpio.o(.text) for GPIO_Init
    motor.o(.text) refers to stm32f10x_exti.o(.text) for EXTI_Init
    motor.o(.text) refers to misc.o(.text) for NVIC_Init
    motor.o(.text) refers to stm32f10x_tim.o(.text) for TIM_TimeBaseInit
    motor.o(.text) refers to motor.o(.data) for encoder_R
    usart.o(.text) refers to stm32f10x_rcc.o(.text) for RCC_APB2PeriphClockCmd
    usart.o(.text) refers to stm32f10x_gpio.o(.text) for GPIO_Init
    usart.o(.text) refers to stm32f10x_usart.o(.text) for USART_Init
    usart.o(.text) refers to misc.o(.text) for NVIC_Init
    usart.o(.text) refers to delay.o(.text) for delay_ms
    usart.o(.text) refers to adc.o(.text) for Get_battery_volt
    usart.o(.text) refers to dflt_clz.o(x$fpl$dfltu) for __aeabi_ui2d
    usart.o(.text) refers to ddiv.o(x$fpl$ddiv) for __aeabi_ddiv
    usart.o(.text) refers to dmul.o(x$fpl$dmul) for __aeabi_dmul
    usart.o(.text) refers to daddsub_clz.o(x$fpl$dadd) for __aeabi_dadd
    usart.o(.text) refers to dfix.o(x$fpl$dfix) for __aeabi_d2iz
    usart.o(.text) refers to servo.o(.text) for Set_Servo_PWM
    usart.o(.text) refers to buzzer.o(.text) for Beep_Usart_Error
    usart.o(.text) refers to usart.o(.data) for tx_pack_State
    usart.o(.text) refers to usart.o(.bss) for temp
    mpu6050.o(.text) refers to ioi2c.o(.text) for IICwriteBits
    mpu6050.o(.text) refers to fflt_clz.o(x$fpl$fflt) for __aeabi_i2f
    mpu6050.o(.text) refers to frleqf.o(x$fpl$frleqf) for __aeabi_cfrcmple
    mpu6050.o(.text) refers to faddsub_clz.o(x$fpl$fsub) for __aeabi_fsub
    mpu6050.o(.text) refers to fdiv.o(x$fpl$fdiv) for __aeabi_fdiv
    mpu6050.o(.text) refers to f2d.o(x$fpl$f2d) for __aeabi_f2d
    mpu6050.o(.text) refers to daddsub_clz.o(x$fpl$dadd) for __aeabi_dadd
    mpu6050.o(.text) refers to dmul.o(x$fpl$dmul) for __aeabi_dmul
[...]
    defsig_exit.o(.text) refers to sys_exit.o(.text) for _sys_exit
    defsig_rtmem_inner.o(.text) refers to defsig_general.o(.text) for __default_signal_display
    __raise.o(.text) refers to defsig.o(CL$$defsig) for __default_signal_handler
    defsig_general.o(.text) refers to sys_wrch.o(.text) for _ttywrch
    sys_wrch.o(.text) refers (Special) to use_no_semi.o(.text) for __I$use$semihosting
    sys_wrch.o(.text) refers (Special) to indicate_semi.o(.text) for __semihosting_library_function
    defsig.o(CL$$defsig) refers to defsig_rtmem_inner.o(.text) for __rt_SIGRTMEM_inner
    defsig_abrt_inner.o(.text) refers to defsig_general.o(.text) for __default_signal_display
    defsig_fpe_inner.o(.text) refers to defsig_general.o(.text) for __default_signal_display
    defsig_rtred_inner.o(.text) refers to defsig_general.o(.text) for __default_signal_display
    defsig_stak_inner.o(.text) refers to defsig_general.o(.text) for __default_signal_display
    defsig_pvfn_inner.o(.text) refers to defsig_general.o(.text) for __default_signal_display
    defsig_cppl_inner.o(.text) refers to defsig_general.o(.text) for __default_signal_display
    defsig_segv_inner.o(.text) refers to defsig_general.o(.text) for __default_signal_display
    defsig_other.o(.text) refers to defsig_general.o(.text) for __default_signal_display


==============================================================================

Removing Unused input sections from the image.

    Removing core_cm3.o(.emb_text), (32 bytes).
    Removing stm32f10x_bkp.o(.text), (196 bytes).
    Removing stm32f10x_can.o(.text), (2544 bytes).
    Removing stm32f10x_cec.o(.text), (288 bytes).
    Removing stm32f10x_crc.o(.text), (72 bytes).
    Removing stm32f10x_dac.o(.text), (396 bytes).
    Removing stm32f10x_dbgmcu.o(.text), (48 bytes).
    Removing stm32f10x_dma.o(.text), (596 bytes).
    Removing stm32f10x_flash.o(.text), (1468 bytes).
    Removing stm32f10x_fsmc.o(.text), (1548 bytes).
    Removing stm32f10x_i2c.o(.text), (1028 bytes).
    Removing stm32f10x_iwdg.o(.text), (64 bytes).
    Removing stm32f10x_pwr.o(.text), (204 bytes).
    Removing stm32f10x_rtc.o(.text), (328 bytes).
    Removing stm32f10x_sdio.o(.text), (468 bytes).
    Removing stm32f10x_spi.o(.text), (780 bytes).
    Removing stm32f10x_wwdg.o(.text), (136 bytes).
    Removing head_motor.o(.text), (372 bytes).
    Removing head_motor.o(.data), (12 bytes).
    Removing mpu6050.o(.text), (944 bytes).
    Removing mpu6050.o(.bss), (146 bytes).
    Removing mpu6050.o(.data), (52 bytes).
    Removing ioi2c.o(.text), (1318 bytes).
    Removing adc.o(.bss), (40 bytes).
    Removing pid.o(.text), (432 bytes).
    Removing pid.o(.bss), (48 bytes).
    Removing pid.o(.data), (40 bytes).
    Removing control.o(.data), (12 bytes).

28 unused section(s) (total 13612 bytes) removed from the image.

==============================================================================

Image Symbol Table

    Local Symbols

    Symbol Name                              Value     Ov Type        Size  Object(Section)

    ../clib/angel/boardlib.s                 0x00000000   Number         0  boardinit3.o ABSOLUTE
    ../clib/angel/boardlib.s                 0x00000000   Number         0  boardinit1.o ABSOLUTE
    ../clib/angel/boardlib.s                 0x00000000   Number         0  boardinit2.o ABSOLUTE
    ../clib/angel/boardlib.s                 0x00000000   Number         0  boardshut.o ABSOLUTE
    ../clib/angel/handlers.s                 0x00000000   Number         0  __scatter_zi.o ABSOLUTE
    ../clib/angel/handlers.s                 0x00000000   Number         0  __scatter_copy.o ABSOLUTE
    ../clib/angel/kernel.s                   0x00000000   Number         0  __rtentry.o ABSOLUTE
    ../clib/angel/kernel.s                   0x00000000   Number         0  __rtentry2.o ABSOLUTE
    ../clib/angel/kernel.s                   0x00000000   Number         0  __rtentry4.o ABSOLUTE
    ../clib/angel/kernel.s                   0x00000000   Number         0  rtexit2.o ABSOLUTE
    ../clib/angel/kernel.s                   0x00000000   Number         0  rtexit.o ABSOLUTE
    ../clib/angel/rt.s                       0x00000000   Number         0  rt_raise.o ABSOLUTE
    ../clib/angel/scatter.s                  0x00000000   Number         0  __scatter.o ABSOLUTE
    ../clib/angel/startup.s                  0x00000000   Number         0  __main.o ABSOLUTE
    ../clib/angel/sys.s                      0x00000000   Number         0  use_no_semi.o ABSOLUTE
    ../clib/angel/sys.s                      0x00000000   Number         0  sys_stackheap_outer.o ABSOLUTE
    ../clib/angel/sys.s                      0x00000000   Number         0  libspace.o ABSOLUTE
    ../clib/angel/sys.s                      0x00000000   Number         0  indicate_semi.o ABSOLUTE
    ../clib/angel/sysapp.c                   0x00000000   Number         0  sys_command.o ABSOLUTE
    ../clib/angel/sysapp.c                   0x00000000   Number         0  sys_wrch.o ABSOLUTE
    ../clib/angel/sysapp.c                   0x00000000   Number         0  sys_exit.o ABSOLUTE
    ../clib/armsys.c                         0x00000000   Number         0  argv_veneer.o ABSOLUTE
    ../clib/armsys.c                         0x00000000   Number         0  no_argv.o ABSOLUTE
    ../clib/armsys.c                         0x00000000   Number         0  _get_argv_nomalloc.o ABSOLUTE
    ../clib/armsys.c                         0x00000000   Number         0  argv_veneer.o ABSOLUTE
    ../clib/heapalloc.c                      0x00000000   Number         0  hrguard.o ABSOLUTE
    ../clib/heapaux.c                        0x00000000   Number         0  heapauxi.o ABSOLUTE
    ../clib/libinit.s                        0x00000000   Number         0  libinit2.o ABSOLUTE
    ../clib/libinit.s                        0x00000000   Number         0  libshutdown2.o ABSOLUTE
    ../clib/libinit.s                        0x00000000   Number         0  libshutdown.o ABSOLUTE
    ../clib/libinit.s                        0x00000000   Number         0  libinit.o ABSOLUTE
    ../clib/signal.c                         0x00000000   Number         0  defsig_rtmem_formal.o ABSOLUTE
    ../clib/signal.c                         0x00000000   Number         0  defsig_rtmem_outer.o ABSOLUTE
    ../clib/signal.c                         0x00000000   Number         0  defsig_exit.o ABSOLUTE
    ../clib/signal.c                         0x00000000   Number         0  defsig_other.o ABSOLUTE
    ../clib/signal.c                         0x00000000   Number         0  defsig_stak_inner.o ABSOLUTE
    ../clib/signal.c                         0x00000000   Number         0  defsig_rtred_inner.o ABSOLUTE
    ../clib/signal.c                         0x00000000   Number         0  defsig_fpe_inner.o ABSOLUTE
    ../clib/signal.c                         0x00000000   Number         0  defsig_abrt_inner.o ABSOLUTE
    ../clib/signal.c                         0x00000000   Number         0  defsig_cppl_inner.o ABSOLUTE
    ../clib/signal.c                         0x00000000   Number         0  defsig_segv_inner.o ABSOLUTE
    ../clib/signal.c                         0x00000000   Number         0  defsig_general.o ABSOLUTE
    ../clib/signal.c                         0x00000000   Number         0  __raise.o ABSOLUTE
    ../clib/signal.c                         0x00000000   Number         0  defsig_rtmem_inner.o ABSOLUTE
    ../clib/signal.c                         0x00000000   Number         0  defsig_pvfn_inner.o ABSOLUTE
    ../clib/signal.s                         0x00000000   Number         0  defsig.o ABSOLUTE
    ../clib/stdlib.c                         0x00000000   Number         0  exit.o ABSOLUTE
    ../fplib/d2f.s                           0x00000000   Number         0  d2f.o ABSOLUTE
    ../fplib/daddsub.s                       0x00000000   Number         0  daddsub_clz.o ABSOLUTE
    ../fplib/ddiv.s                          0x00000000   Number         0  ddiv.o ABSOLUTE
    ../fplib/dfix.s                          0x00000000   Number         0  dfix.o ABSOLUTE
    ../fplib/dfixu.s                         0x00000000   Number         0  dfixu.o ABSOLUTE
    ../fplib/dflt.s                          0x00000000   Number         0  dflt_clz.o ABSOLUTE
    ../fplib/dmul.s                          0x00000000   Number         0  dmul.o ABSOLUTE
    ../fplib/dnaninf.s                       0x00000000   Number         0  dnaninf.o ABSOLUTE
    ../fplib/dretinf.s                       0x00000000   Number         0  dretinf.o ABSOLUTE
    ../fplib/f2d.s                           0x00000000   Number         0  f2d.o ABSOLUTE
    ../fplib/faddsub.s                       0x00000000   Number         0  faddsub_clz.o ABSOLUTE
    ../fplib/fcmpi.s                         0x00000000   Number         0  fcmpi.o ABSOLUTE
    ../fplib/fdiv.s                          0x00000000   Number         0  fdiv.o ABSOLUTE
    ../fplib/ffix.s                          0x00000000   Number         0  ffix.o ABSOLUTE
    ../fplib/ffixu.s                         0x00000000   Number         0  ffixu.o ABSOLUTE
    ../fplib/fflt.s                          0x00000000   Number         0  fflt_clz.o ABSOLUTE
    ../fplib/fleqf.s                         0x00000000   Number         0  fleqf.o ABSOLUTE
    ../fplib/fmul.s                          0x00000000   Number         0  fmul.o ABSOLUTE
    ../fplib/fnaninf.s                       0x00000000   Number         0  fnaninf.o ABSOLUTE
    ../fplib/fpinit.s                        0x00000000   Number         0  fpinit.o ABSOLUTE
    ../fplib/fretinf.s                       0x00000000   Number         0  fretinf.o ABSOLUTE
    ../fplib/frleqf.s                        0x00000000   Number         0  frleqf.o ABSOLUTE
    ../fplib/usenofp.s                       0x00000000   Number         0  usenofp.o ABSOLUTE
    CMSIS\CM3\CoreSupport\core_cm3.c         0x00000000   Number         0  core_cm3.o ABSOLUTE
    CMSIS\CM3\DeviceSupport\ST\STM32F10x\startup\arm\startup_stm32f10x_hd_vl.s 0x00000000   Number         0  startup_stm32f10x_hd_vl.o ABSOLUTE
    CMSIS\CM3\DeviceSupport\ST\STM32F10x\system_stm32f10x.c 0x00000000   Number         0  system_stm32f10x.o ABSOLUTE
    CMSIS\\CM3\\CoreSupport\\core_cm3.c      0x00000000   Number         0  core_cm3.o ABSOLUTE
    HARDWARE\GPIO.c                          0x00000000   Number         0  gpio.o ABSOLUTE
    HARDWARE\IOI2C.c                         0x00000000   Number         0  ioi2c.o ABSOLUTE
    HARDWARE\MPU6050.c                       0x00000000   Number         0  mpu6050.o ABSOLUTE
    HARDWARE\adc.c                           0x00000000   Number         0  adc.o ABSOLUTE
    HARDWARE\buzzer.c                        0x00000000   Number         0  buzzer.o ABSOLUTE
    HARDWARE\head_motor.c                    0x00000000   Number         0  head_motor.o ABSOLUTE
    HARDWARE\motor.c                         0x00000000   Number         0  motor.o ABSOLUTE
    HARDWARE\servo.c                         0x00000000   Number         0  servo.o ABSOLUTE
    HARDWARE\usart.c                         0x00000000   Number         0  usart.o ABSOLUTE
    SOFTWARE\control.c                       0x00000000   Number         0  control.o ABSOLUTE
    SOFTWARE\delay.c                         0x00000000   Number         0  delay.o ABSOLUTE
    SOFTWARE\pid.c                           0x00000000   Number         0  pid.o ABSOLUTE
    STM32F10x_StdPeriph_Driver\src\misc.c    0x00000000   Number         0  misc.o ABSOLUTE
    STM32F10x_StdPeriph_Driver\src\stm32f10x_adc.c 0x00000000   Number         0  stm32f10x_adc.o ABSOLUTE
    STM32F10x_StdPeriph_Driver\src\stm32f10x_bkp.c 0x00000000   Number         0  stm32f10x_bkp.o ABSOLUTE
    STM32F10x_StdPeriph_Driver\src\stm32f10x_can.c 0x00000000   Number         0  stm32f10x_can.o ABSOLUTE
    STM32F10x_StdPeriph_Driver\src\stm32f10x_cec.c 0x00000000   Number         0  stm32f10x_cec.o ABSOLUTE
    STM32F10x_StdPeriph_Driver\src\stm32f10x_crc.c 0x00000000   Number         0  stm32f10x_crc.o ABSOLUTE
    STM32F10x_StdPeriph_Driver\src\stm32f10x_dac.c 0x00000000   Number         0  stm32f10x_dac.o ABSOLUTE
    STM32F10x_StdPeriph_Driver\src\stm32f10x_dbgmcu.c 0x00000000   Number         0  stm32f10x_dbgmcu.o ABSOLUTE
    STM32F10x_StdPeriph_Driver\src\stm32f10x_dma.c 0x00000000   Number         0  stm32f10x_dma.o ABSOLUTE
    STM32F10x_StdPeriph_Driver\src\stm32f10x_exti.c 0x00000000   Number         0  stm32f10x_exti.o ABSOLUTE
    STM32F10x_StdPeriph_Driver\src\stm32f10x_flash.c 0x00000000   Number         0  stm32f10x_flash.o ABSOLUTE
    STM32F10x_StdPeriph_Driver\src\stm32f10x_fsmc.c 0x00000000   Number         0  stm32f10x_fsmc.o ABSOLUTE
    STM32F10x_StdPeriph_Driver\src\stm32f10x_gpio.c 0x00000000   Number         0  stm32f10x_gpio.o ABSOLUTE
    STM32F10x_StdPeriph_Driver\src\stm32f10x_i2c.c 0x00000000   Number         0  stm32f10x_i2c.o ABSOLUTE
    STM32F10x_StdPeriph_Driver\src\stm32f10x_iwdg.c 0x00000000   Number         0  stm32f10x_iwdg.o ABSOLUTE
    STM32F10x_StdPeriph_Driver\src\stm32f10x_pwr.c 0x00000000   Number         0  stm32f10x_pwr.o ABSOLUTE
    STM32F10x_StdPeriph_Driver\src\stm32f10x_rcc.c 0x00000000   Number         0  stm32f10x_rcc.o ABSOLUTE
    STM32F10x_StdPeriph_Driver\src\stm32f10x_rtc.c 0x00000000   Number         0  stm32f10x_rtc.o ABSOLUTE
    STM32F10x_StdPeriph_Driver\src\stm32f10x_sdio.c 0x00000000   Number         0  stm32f10x_sdio.o ABSOLUTE
    STM32F10x_StdPeriph_Driver\src\stm32f10x_spi.c 0x00000000   Number         0  stm32f10x_spi.o ABSOLUTE
    STM32F10x_StdPeriph_Driver\src\stm32f10x_tim.c 0x00000000   Number         0  stm32f10x_tim.o ABSOLUTE
    STM32F10x_StdPeriph_Driver\src\stm32f10x_usart.c 0x00000000   Number         0  stm32f10x_usart.o ABSOLUTE
    STM32F10x_StdPeriph_Driver\src\stm32f10x_wwdg.c 0x00000000   Number         0  stm32f10x_wwdg.o ABSOLUTE
    USER\main.c                              0x00000000   Number         0  main.o ABSOLUTE
    USER\stm32f10x_it.c                      0x00000000   Number         0  stm32f10x_it.o ABSOLUTE
    dc.s                                     0x00000000   Number         0  dc.o ABSOLUTE
    RESET                                    0x08000000   Section      308  startup_stm32f10x_hd_vl.o(RESET)
    !!!main                                  0x08000134   Section        8  __main.o(!!!main)
    !!!scatter                               0x0800013c   Section       52  __scatter.o(!!!scatter)
    !!handler_copy                           0x08000170   Section       26  __scatter_copy.o(!!handler_copy)
    !!handler_zi                             0x0800018c   Section       28  __scatter_zi.o(!!handler_zi)
    .ARM.Collect$$libinit$$00000000          0x080001a8   Section        2  libinit.o(.ARM.Collect$$libinit$$00000000)
    .ARM.Collect$$libinit$$00000002          0x080001aa   Section        0  libinit2.o(.ARM.Collect$$libinit$$00000002)
    .ARM.Collect$$libinit$$00000004          0x080001aa   Section        0  libinit2.o(.ARM.Collect$$libinit$$00000004)
    .ARM.Collect$$libinit$$0000000A          0x080001aa   Section        0  libinit2.o(.ARM.Collect$$libinit$$0000000A)
    .ARM.Collect$$libinit$$0000000C          0x080001aa   Section        0  libinit2.o(.ARM.Collect$$libinit$$0000000C)
    .ARM.Collect$$libinit$$0000000E          0x080001aa   Section        0  libinit2.o(.ARM.Collect$$libinit$$0000000E)
    .ARM.Collect$$libinit$$00000011          0x080001aa   Section        0  libinit2.o(.ARM.Collect$$libinit$$00000011)
    .ARM.Collect$$libinit$$00000013          0x080001aa   Section        0  libinit2.o(.ARM.Collect$$libinit$$00000013)
    .ARM.Collect$$libinit$$00000015          0x080001aa   Section        0  libinit2.o(.ARM.Collect$$libinit$$00000015)
    .ARM.Collect$$libinit$$00000017          0x080001aa   Section        0  libinit2.o(.ARM.Collect$$libinit$$00000017)
    .ARM.Collect$$libinit$$00000019          0x080001aa   Section        0  libinit2.o(.ARM.Collect$$libinit$$00000019)
    .ARM.Collect$$libinit$$0000001B          0x080001aa   Section        0  libinit2.o(.ARM.Collect$$libinit$$0000001B)
    .ARM.Collect$$libinit$$0000001D          0x080001aa   Section        0  libinit2.o(.ARM.Collect$$libinit$$0000001D)
    .ARM.Collect$$libinit$$0000001F          0x080001aa   Section        0  libinit2.o(.ARM.Collect$$libinit$$0000001F)
    .ARM.Collect$$libinit$$00000021          0x080001aa   Section        0  libinit2.o(.ARM.Collect$$libinit$$00000021)
    .ARM.Collect$$libinit$$00000023          0x080001aa   Section        0  libinit2.o(.ARM.Collect$$libinit$$00000023)
    .ARM.Collect$$libinit$$00000025          0x080001aa   Section        0  libinit2.o(.ARM.Collect$$libinit$$00000025)
    .ARM.Collect$$libinit$$0000002C          0x080001aa   Section        0  libinit2.o(.ARM.Collect$$libinit$$0000002C)
    .ARM.Collect$$libinit$$0000002E          0x080001aa   Section        0  libinit2.o(.ARM.Collect$$libinit$$0000002E)
    .ARM.Collect$$libinit$$00000030          0x080001aa   Section        0  libinit2.o(.ARM.Collect$$libinit$$00000030)
    .ARM.Collect$$libinit$$00000032          0x080001aa   Section        0  libinit2.o(.ARM.Collect$$libinit$$00000032)
    .ARM.Collect$$libinit$$00000033          0x080001aa   Section        2  libinit2.o(.ARM.Collect$$libinit$$00000033)
    .ARM.Collect$$libshutdown$$00000000      0x080001ac   Section        2  libshutdown.o(.ARM.Collect$$libshutdown$$00000000)
    .ARM.Collect$$libshutdown$$00000003      0x080001ae   Section        0  libshutdown2.o(.ARM.Collect$$libshutdown$$00000003)
    .ARM.Collect$$libshutdown$$00000006      0x080001ae   Section        0  libshutdown2.o(.ARM.Collect$$libshutdown$$00000006)
    .ARM.Collect$$libshutdown$$00000009      0x080001ae   Section        0  libshutdown2.o(.ARM.Collect$$libshutdown$$00000009)
    .ARM.Collect$$libshutdown$$0000000B      0x080001ae   Section        0  libshutdown2.o(.ARM.Collect$$libshutdown$$0000000B)
    .ARM.Collect$$libshutdown$$0000000E      0x080001ae   Section        0  libshutdown2.o(.ARM.Collect$$libshutdown$$0000000E)
    .ARM.Collect$$libshutdown$$0000000F      0x080001ae   Section        2  libshutdown2.o(.ARM.Collect$$libshutdown$$0000000F)
    .ARM.Collect$$rtentry$$00000000          0x080001b0   Section        0  __rtentry.o(.ARM.Collect$$rtentry$$00000000)
    .ARM.Collect$$rtentry$$00000002          0x080001b0   Section        0  __rtentry2.o(.ARM.Collect$$rtentry$$00000002)
    .ARM.Collect$$rtentry$$00000004          0x080001b0   Section        6  __rtentry4.o(.ARM.Collect$$rtentry$$00000004)
    .ARM.Collect$$rtentry$$00000009          0x080001b6   Section        0  __rtentry2.o(.ARM.Collect$$rtentry$$00000009)
    .ARM.Collect$$rtentry$$0000000A          0x080001b6   Section        4  __rtentry2.o(.ARM.Collect$$rtentry$$0000000A)
    .ARM.Collect$$rtentry$$0000000C          0x080001ba   Section        0  __rtentry2.o(.ARM.Collect$$rtentry$$0000000C)
    .ARM.Collect$$rtentry$$0000000D          0x080001ba   Section        8  __rtentry2.o(.ARM.Collect$$rtentry$$0000000D)
    .ARM.Collect$$rtexit$$00000000           0x080001c2   Section        2  rtexit.o(.ARM.Collect$$rtexit$$00000000)
    .ARM.Collect$$rtexit$$00000002           0x080001c4   Section        0  rtexit2.o(.ARM.Collect$$rtexit$$00000002)
    .ARM.Collect$$rtexit$$00000003           0x080001c4   Section        4  rtexit2.o(.ARM.Collect$$rtexit$$00000003)
    .ARM.Collect$$rtexit$$00000004           0x080001c8   Section        6  rtexit2.o(.ARM.Collect$$rtexit$$00000004)
    .text                                    0x080001d0   Section        0  system_stm32f10x.o(.text)
    SetSysClockTo72                          0x080001d1   Thumb Code   214  system_stm32f10x.o(.text)
    SetSysClock                              0x080002a7   Thumb Code     8  system_stm32f10x.o(.text)
    .text                                    0x080003b0   Section       64  startup_stm32f10x_hd_vl.o(.text)
    .text                                    0x080003f0   Section        0  misc.o(.text)
    .text                                    0x080004cc   Section        0  stm32f10x_adc.o(.text)
    .text                                    0x0800091c   Section        0  stm32f10x_exti.o(.text)
    .text                                    0x08000a38   Section        0  stm32f10x_gpio.o(.text)
    .text                                    0x08000d94   Section        0  stm32f10x_rcc.o(.text)
    .text                                    0x08001138   Section        0  stm32f10x_tim.o(.text)
    TI4_Config                               0x080015df   Thumb Code   130  stm32f10x_tim.o(.text)
    TI3_Config                               0x08001673   Thumb Code   122  stm32f10x_tim.o(.text)
    TI2_Config                               0x08001707   Thumb Code   130  stm32f10x_tim.o(.text)
    TI1_Config                               0x0800179b   Thumb Code   108  stm32f10x_tim.o(.text)
    .text                                    0x08001f54   Section        0  stm32f10x_usart.o(.text)
    .text                                    0x0800235c   Section        0  gpio.o(.text)
    .text                                    0x080023a8   Section        0  motor.o(.text)
    .text                                    0x08002640   Section        0  usart.o(.text)
    .text                                    0x080029f4   Section        0  adc.o(.text)
    .text                                    0x08002b48   Section        0  servo.o(.text)
    .text                                    0x08002eb8   Section        0  buzzer.o(.text)
    .text                                    0x080030f8   Section        0  delay.o(.text)
    .text                                    0x0800316c   Section        0  control.o(.text)
    .text                                    0x080031ec   Section        0  main.o(.text)
    .text                                    0x0800322c   Section        0  stm32f10x_it.o(.text)
    .text                                    0x08003244   Section        0  heapauxi.o(.text)
    .text                                    0x0800324a   Section       74  sys_stackheap_outer.o(.text)
    .text                                    0x08003294   Section        0  exit.o(.text)
    .text                                    0x080032a0   Section        8  libspace.o(.text)
    .text                                    0x080032a8   Section        0  sys_exit.o(.text)
    .text                                    0x080032b4   Section        2  use_no_semi.o(.text)
    .text                                    0x080032b6   Section        0  indicate_semi.o(.text)
    x$fpl$d2f                                0x080032b8   Section       98  d2f.o(x$fpl$d2f)
    x$fpl$dadd                               0x0800331c   Section      336  daddsub_clz.o(x$fpl$dadd)
    _dadd1                                   0x0800332d   Thumb Code     0  daddsub_clz.o(x$fpl$dadd)
    x$fpl$ddiv                               0x0800346c   Section      688  ddiv.o(x$fpl$ddiv)
    ddiv_entry                               0x08003473   Thumb Code     0  ddiv.o(x$fpl$ddiv)
    x$fpl$dfix                               0x0800371c   Section       94  dfix.o(x$fpl$dfix)
    x$fpl$dfixu                              0x0800377c   Section       90  dfixu.o(x$fpl$dfixu)
    x$fpl$dfltu                              0x080037d6   Section       38  dflt_clz.o(x$fpl$dfltu)
    x$fpl$dmul                               0x080037fc   Section      340  dmul.o(x$fpl$dmul)
    x$fpl$dnaninf                            0x08003950   Section      156  dnaninf.o(x$fpl$dnaninf)
    x$fpl$dretinf                            0x080039ec   Section       12  dretinf.o(x$fpl$dretinf)
    x$fpl$dsub                               0x080039f8   Section      468  daddsub_clz.o(x$fpl$dsub)
    _dsub1                                   0x08003a09   Thumb Code     0  daddsub_clz.o(x$fpl$dsub)
    x$fpl$f2d                                0x08003bcc   Section       86  f2d.o(x$fpl$f2d)
    x$fpl$fadd                               0x08003c24   Section      196  faddsub_clz.o(x$fpl$fadd)
    _fadd1                                   0x08003c33   Thumb Code     0  faddsub_clz.o(x$fpl$fadd)
    x$fpl$fcmpinf                            0x08003ce8   Section       24  fcmpi.o(x$fpl$fcmpinf)
    x$fpl$ffixu                              0x08003d00   Section       62  ffixu.o(x$fpl$ffixu)
    x$fpl$fleqf                              0x08003d40   Section      104  fleqf.o(x$fpl$fleqf)
    x$fpl$fmul                               0x08003da8   Section      258  fmul.o(x$fpl$fmul)
    x$fpl$fnaninf                            0x08003eaa   Section      140  fnaninf.o(x$fpl$fnaninf)
    x$fpl$fretinf                            0x08003f36   Section       10  fretinf.o(x$fpl$fretinf)
    x$fpl$frleqf                             0x08003f40   Section       98  frleqf.o(x$fpl$frleqf)
    x$fpl$fsub                               0x08003fa4   Section      234  faddsub_clz.o(x$fpl$fsub)
    _fsub1                                   0x08003fb3   Thumb Code     0  faddsub_clz.o(x$fpl$fsub)
    .constdata                               0x0800408e   Section      270  buzzer.o(.constdata)
    x$fpl$usenofp                            0x0800408e   Section        0  usenofp.o(x$fpl$usenofp)
    .data                                    0x20000000   Section       20  system_stm32f10x.o(.data)
    .data                                    0x20000014   Section       20  stm32f10x_rcc.o(.data)
    APBAHBPrescTable                         0x20000014   Data          16  stm32f10x_rcc.o(.data)
    ADCPrescTable                            0x20000024   Data           4  stm32f10x_rcc.o(.data)
    .data                                    0x20000028   Section       52  motor.o(.data)
    tmp_R                                    0x20000054   Data           4  motor.o(.data)
    tmp_L                                    0x20000058   Data           4  motor.o(.data)
    .data                                    0x2000005c   Section       11  usart.o(.data)
    i                                        0x20000065   Data           1  usart.o(.data)
    i                                        0x20000066   Data           1  usart.o(.data)
    .data                                    0x20000068   Section       13  adc.o(.data)
    Volt                                     0x20000070   Data           4  adc.o(.data)
    PER                                      0x20000074   Data           1  adc.o(.data)
    .data                                    0x20000076   Section       16  servo.o(.data)
    .data                                    0x20000088   Section        8  buzzer.o(.data)
    .data                                    0x20000090   Section        4  delay.o(.data)
    fac_us                                   0x20000090   Data           1  delay.o(.data)
    fac_ms                                   0x20000092   Data           2  delay.o(.data)
    .bss                                     0x20000094   Section      522  usart.o(.bss)
    .bss                                     0x200002a0   Section       96  libspace.o(.bss)
    HEAP                                     0x20000300   Section      512  startup_stm32f10x_hd_vl.o(HEAP)
    Heap_Mem                                 0x20000300   Data         512  startup_stm32f10x_hd_vl.o(HEAP)
    STACK                                    0x20000500   Section     1024  startup_stm32f10x_hd_vl.o(STACK)
    Stack_Mem                                0x20000500   Data        1024  startup_stm32f10x_hd_vl.o(STACK)
    __initial_sp                             0x20000900   Data           0  startup_stm32f10x_hd_vl.o(STACK)

    Global Symbols

    Symbol Name                              Value     Ov Type        Size  Object(Section)

    BuildAttributes$$THM_ISAv4$P$D$K$B$S$PE$A:L22UL41UL21$X:L11$S22US41US21$IEEE1$IW$USESV6$~STKCKD$USESV7$~SHL$OSPACE$ROPI$EBA8$UX$STANDARDLIB$REQ8$PRES8$EABIv2 0x00000000   Number         0  anon$$obj.o ABSOLUTE
    __ARM_use_no_argv                        0x00000000   Number         0  main.o ABSOLUTE
    __ARM_exceptions_init                     - Undefined Weak Reference
    __alloca_initialize                       - Undefined Weak Reference
    __arm_preinit_                            - Undefined Weak Reference
    __cpp_initialize__aeabi_                  - Undefined Weak Reference
    __cxa_finalize                            - Undefined Weak Reference
    __rt_locale                               - Undefined Weak Reference
    __sigvec_lookup                           - Undefined Weak Reference
    _atexit_init                              - Undefined Weak Reference
    _call_atexit_fns                          - Undefined Weak Reference
    _clock_init                               - Undefined Weak Reference
    _fp_trap_init                             - Undefined Weak Reference
    _fp_trap_shutdown                         - Undefined Weak Reference
    _get_lc_collate                           - Undefined Weak Reference
    _get_lc_ctype                             - Undefined Weak Reference
    _get_lc_monetary                          - Undefined Weak Reference
    _get_lc_numeric                           - Undefined Weak Reference
    _get_lc_time                              - Undefined Weak Reference
    _getenv_init                              - Undefined Weak Reference
    _handle_redirection                       - Undefined Weak Reference
    _init_alloc                               - Undefined Weak Reference
    _init_user_alloc                          - Undefined Weak Reference
    _initio                                   - Undefined Weak Reference
    _rand_init                                - Undefined Weak Reference
    _signal_finish                            - Undefined Weak Reference
    _signal_init                              - Undefined Weak Reference
    _terminate_alloc                          - Undefined Weak Reference
    _terminate_user_alloc                     - Undefined Weak Reference
    _terminateio                              - Undefined Weak Reference
    __Vectors_Size                           0x00000134   Number         0  startup_stm32f10x_hd_vl.o ABSOLUTE
    __Vectors                                0x08000000   Data           4  startup_stm32f10x_hd_vl.o(RESET)
    __Vectors_End                            0x08000134   Data           0  startup_stm32f10x_hd_vl.o(RESET)
    __main                                   0x08000135   Thumb Code     8  __main.o(!!!main)
    __scatterload                            0x0800013d   Thumb Code     0  __scatter.o(!!!scatter)
    __scatterload_rt2                        0x0800013d   Thumb Code    44  __scatter.o(!!!scatter)
    __scatterload_rt2_thumb_only             0x0800013d   Thumb Code     0  __scatter.o(!!!scatter)
    __scatterload_null                       0x0800014b   Thumb Code     0  __scatter.o(!!!scatter)
    __scatterload_copy                       0x08000171   Thumb Code    26  __scatter_copy.o(!!handler_copy)
    __scatterload_zeroinit                   0x0800018d   Thumb Code    28  __scatter_zi.o(!!handler_zi)
    __rt_lib_init                            0x080001a9   Thumb Code     0  libinit.o(.ARM.Collect$$libinit$$00000000)
    __rt_lib_init_alloca_1                   0x080001ab   Thumb Code     0  libinit2.o(.ARM.Collect$$libinit$$0000002E)
    __rt_lib_init_argv_1                     0x080001ab   Thumb Code     0  libinit2.o(.ARM.Collect$$libinit$$0000002C)
    __rt_lib_init_atexit_1                   0x080001ab   Thumb Code     0  libinit2.o(.ARM.Collect$$libinit$$0000001B)
    __rt_lib_init_clock_1                    0x080001ab   Thumb Code     0  libinit2.o(.ARM.Collect$$libinit$$00000021)
    __rt_lib_init_cpp_1                      0x080001ab   Thumb Code     0  libinit2.o(.ARM.Collect$$libinit$$00000032)
    __rt_lib_init_exceptions_1               0x080001ab   Thumb Code     0  libinit2.o(.ARM.Collect$$libinit$$00000030)
    __rt_lib_init_fp_1                       0x080001ab   Thumb Code     0  libinit2.o(.ARM.Collect$$libinit$$00000002)
    __rt_lib_init_fp_trap_1                  0x080001ab   Thumb Code     0  libinit2.o(.ARM.Collect$$libinit$$0000001F)
    __rt_lib_init_getenv_1                   0x080001ab   Thumb Code     0  libinit2.o(.ARM.Collect$$libinit$$00000023)
    __rt_lib_init_heap_1                     0x080001ab   Thumb Code     0  libinit2.o(.ARM.Collect$$libinit$$0000000A)
    __rt_lib_init_lc_collate_1               0x080001ab   Thumb Code     0  libinit2.o(.ARM.Collect$$libinit$$00000011)
    __rt_lib_init_lc_ctype_1                 0x080001ab   Thumb Code     0  libinit2.o(.ARM.Collect$$libinit$$00000013)
    __rt_lib_init_lc_monetary_1              0x080001ab   Thumb Code     0  libinit2.o(.ARM.Collect$$libinit$$00000015)
    __rt_lib_init_lc_numeric_1               0x080001ab   Thumb Code     0  libinit2.o(.ARM.Collect$$libinit$$00000017)
    __rt_lib_init_lc_time_1                  0x080001ab   Thumb Code     0  libinit2.o(.ARM.Collect$$libinit$$00000019)
    __rt_lib_init_preinit_1                  0x080001ab   Thumb Code     0  libinit2.o(.ARM.Collect$$libinit$$00000004)
    __rt_lib_init_rand_1                     0x080001ab   Thumb Code     0  libinit2.o(.ARM.Collect$$libinit$$0000000E)
    __rt_lib_init_return                     0x080001ab   Thumb Code     0  libinit2.o(.ARM.Collect$$libinit$$00000033)
    __rt_lib_init_signal_1                   0x080001ab   Thumb Code     0  libinit2.o(.ARM.Collect$$libinit$$0000001D)
    __rt_lib_init_stdio_1                    0x080001ab   Thumb Code     0  libinit2.o(.ARM.Collect$$libinit$$00000025)
    __rt_lib_init_user_alloc_1               0x080001ab   Thumb Code     0  libinit2.o(.ARM.Collect$$libinit$$0000000C)
    __rt_lib_shutdown                        0x080001ad   Thumb Code     0  libshutdown.o(.ARM.Collect$$libshutdown$$00000000)
    __rt_lib_shutdown_fp_trap_1              0x080001af   Thumb Code     0  libshutdown2.o(.ARM.Collect$$libshutdown$$00000006)
    __rt_lib_shutdown_heap_1                 0x080001af   Thumb Code     0  libshutdown2.o(.ARM.Collect$$libshutdown$$0000000E)
    __rt_lib_shutdown_return                 0x080001af   Thumb Code     0  libshutdown2.o(.ARM.Collect$$libshutdown$$0000000F)
    __rt_lib_shutdown_signal_1               0x080001af   Thumb Code     0  libshutdown2.o(.ARM.Collect$$libshutdown$$00000009)
    __rt_lib_shutdown_stdio_1                0x080001af   Thumb Code     0  libshutdown2.o(.ARM.Collect$$libshutdown$$00000003)
    __rt_lib_shutdown_user_alloc_1           0x080001af   Thumb Code     0  libshutdown2.o(.ARM.Collect$$libshutdown$$0000000B)
    __rt_entry                               0x080001b1   Thumb Code     0  __rtentry.o(.ARM.Collect$$rtentry$$00000000)
    __rt_entry_presh_1                       0x080001b1   Thumb Code     0  __rtentry2.o(.ARM.Collect$$rtentry$$00000002)
    __rt_entry_sh                            0x080001b1   Thumb Code     0  __rtentry4.o(.ARM.Collect$$rtentry$$00000004)
    __rt_entry_li                            0x080001b7   Thumb Code     0  __rtentry2.o(.ARM.Collect$$rtentry$$0000000A)
    __rt_entry_postsh_1                      0x080001b7   Thumb Code     0  __rtentry2.o(.ARM.Collect$$rtentry$$00000009)
    __rt_entry_main                          0x080001bb   Thumb Code     0  __rtentry2.o(.ARM.Collect$$rtentry$$0000000D)
    __rt_entry_postli_1                      0x080001bb   Thumb Code     0  __rtentry2.o(.ARM.Collect$$rtentry$$0000000C)
    __rt_exit                                0x080001c3   Thumb Code     0  rtexit.o(.ARM.Collect$$rtexit$$00000000)
    __rt_exit_ls                             0x080001c5   Thumb Code     0  rtexit2.o(.ARM.Collect$$rtexit$$00000003)
    __rt_exit_prels_1                        0x080001c5   Thumb Code     0  rtexit2.o(.ARM.Collect$$rtexit$$00000002)
    __rt_exit_exit                           0x080001c9   Thumb Code     0  rtexit2.o(.ARM.Collect$$rtexit$$00000004)
    SystemInit                               0x080002af   Thumb Code    78  system_stm32f10x.o(.text)
    SystemCoreClockUpdate                    0x080002fd   Thumb Code   142  system_stm32f10x.o(.text)
    Reset_Handler                            0x080003b1   Thumb Code     8  startup_stm32f10x_hd_vl.o(.text)
    SysTick_Handler                          0x080003c9   Thumb Code     2  startup_stm32f10x_hd_vl.o(.text)
    ADC1_IRQHandler                          0x080003cb   Thumb Code     0  startup_stm32f10x_hd_vl.o(.text)
    CEC_IRQHandler                           0x080003cb   Thumb Code     0  startup_stm32f10x_hd_vl.o(.text)
    DMA1_Channel1_IRQHandler                 0x080003cb   Thumb Code     0  startup_stm32f10x_hd_vl.o(.text)
    DMA1_Channel2_IRQHandler                 0x080003cb   Thumb Code     0  startup_stm32f10x_hd_vl.o(.text)
    DMA1_Channel3_IRQHandler                 0x080003cb   Thumb Code     0  startup_stm32f10x_hd_vl.o(.text)
    DMA1_Channel4_IRQHandler                 0x080003cb   Thumb Code     0  startup_stm32f10x_hd_vl.o(.text)
    DMA1_Channel5_IRQHandler                 0x080003cb   Thumb Code     0  startup_stm32f10x_hd_vl.o(.text)
    DMA1_Channel6_IRQHandler                 0x080003cb   Thumb Code     0  startup_stm32f10x_hd_vl.o(.text)
    DMA1_Channel7_IRQHandler                 0x080003cb   Thumb Code     0  startup_stm32f10x_hd_vl.o(.text)
    DMA2_Channel1_IRQHandler                 0x080003cb   Thumb Code     0  startup_stm32f10x_hd_vl.o(.text)
    DMA2_Channel2_IRQHandler                 0x080003cb   Thumb Code     0  startup_stm32f10x_hd_vl.o(.text)
    DMA2_Channel3_IRQHandler                 0x080003cb   Thumb Code     0  startup_stm32f10x_hd_vl.o(.text)
    DMA2_Channel4_5_IRQHandler               0x080003cb   Thumb Code     0  startup_stm32f10x_hd_vl.o(.text)
    DMA2_Channel5_IRQHandler                 0x080003cb   Thumb Code     0  startup_stm32f10x_hd_vl.o(.text)
    EXTI15_10_IRQHandler                     0x080003cb   Thumb Code     0  startup_stm32f10x_hd_vl.o(.text)
    EXTI1_IRQHandler                         0x080003cb   Thumb Code     0  startup_stm32f10x_hd_vl.o(.text)
    EXTI3_IRQHandler                         0x080003cb   Thumb Code     0  startup_stm32f10x_hd_vl.o(.text)
    EXTI4_IRQHandler                         0x080003cb   Thumb Code     0  startup_stm32f10x_hd_vl.o(.text)
    EXTI9_5_IRQHandler                       0x080003cb   Thumb Code     0  startup_stm32f10x_hd_vl.o(.text)
    FLASH_IRQHandler                         0x080003cb   Thumb Code     0  startup_stm32f10x_hd_vl.o(.text)
    I2C1_ER_IRQHandler                       0x080003cb   Thumb Code     0  startup_stm32f10x_hd_vl.o(.text)
    I2C1_EV_IRQHandler                       0x080003cb   Thumb Code     0  startup_stm32f10x_hd_vl.o(.text)
    I2C2_ER_IRQHandler                       0x080003cb   Thumb Code     0  startup_stm32f10x_hd_vl.o(.text)
    I2C2_EV_IRQHandler                       0x080003cb   Thumb Code     0  startup_stm32f10x_hd_vl.o(.text)
    PVD_IRQHandler                           0x080003cb   Thumb Code     0  startup_stm32f10x_hd_vl.o(.text)
    RCC_IRQHandler                           0x080003cb   Thumb Code     0  startup_stm32f10x_hd_vl.o(.text)
    RTCAlarm_IRQHandler                      0x080003cb   Thumb Code     0  startup_stm32f10x_hd_vl.o(.text)
    RTC_IRQHandler                           0x080003cb   Thumb Code     0  startup_stm32f10x_hd_vl.o(.text)
    SPI1_IRQHandler                          0x080003cb   Thumb Code     0  startup_stm32f10x_hd_vl.o(.text)
    SPI2_IRQHandler                          0x080003cb   Thumb Code     0  startup_stm32f10x_hd_vl.o(.text)
    SPI3_IRQHandler                          0x080003cb   Thumb Code     0  startup_stm32f10x_hd_vl.o(.text)
    TAMPER_IRQHandler                        0x080003cb   Thumb Code     0  startup_stm32f10x_hd_vl.o(.text)
    TIM12_IRQHandler                         0x080003cb   Thumb Code     0  startup_stm32f10x_hd_vl.o(.text)
    TIM13_IRQHandler                         0x080003cb   Thumb Code     0  startup_stm32f10x_hd_vl.o(.text)
    TIM14_IRQHandler                         0x080003cb   Thumb Code     0  startup_stm32f10x_hd_vl.o(.text)
    TIM1_BRK_TIM15_IRQHandler                0x080003cb   Thumb Code     0  startup_stm32f10x_hd_vl.o(.text)
    TIM1_CC_IRQHandler                       0x080003cb   Thumb Code     0  startup_stm32f10x_hd_vl.o(.text)
    TIM1_TRG_COM_TIM17_IRQHandler            0x080003cb   Thumb Code     0  startup_stm32f10x_hd_vl.o(.text)
    TIM1_UP_TIM16_IRQHandler                 0x080003cb   Thumb Code     0  startup_stm32f10x_hd_vl.o(.text)
    TIM3_IRQHandler                          0x080003cb   Thumb Code     0  startup_stm32f10x_hd_vl.o(.text)
    TIM4_IRQHandler                          0x080003cb   Thumb Code     0  startup_stm32f10x_hd_vl.o(.text)
    TIM5_IRQHandler                          0x080003cb   Thumb Code     0  startup_stm32f10x_hd_vl.o(.text)
    TIM6_DAC_IRQHandler                      0x080003cb   Thumb Code     0  startup_stm32f10x_hd_vl.o(.text)
    TIM7_IRQHandler                          0x080003cb   Thumb Code     0  startup_stm32f10x_hd_vl.o(.text)
    UART5_IRQHandler                         0x080003cb   Thumb Code     0  startup_stm32f10x_hd_vl.o(.text)
    USART2_IRQHandler                        0x080003cb   Thumb Code     0  startup_stm32f10x_hd_vl.o(.text)
    USART3_IRQHandler                        0x080003cb   Thumb Code     0  startup_stm32f10x_hd_vl.o(.text)
    WWDG_IRQHandler                          0x080003cb   Thumb Code     0  startup_stm32f10x_hd_vl.o(.text)
    __user_initial_stackheap                 0x080003cd   Thumb Code     0  startup_stm32f10x_hd_vl.o(.text)
    NVIC_PriorityGroupConfig                 0x080003f1   Thumb Code    10  misc.o(.text)
    NVIC_Init                                0x080003fb   Thumb Code   100  misc.o(.text)
    NVIC_SetVectorTable                      0x0800045f   Thumb Code    14  misc.o(.text)
    NVIC_SystemLPConfig                      0x0800046d   Thumb Code    34  misc.o(.text)
    SysTick_CLKSourceConfig                  0x0800048f   Thumb Code    40  misc.o(.text)
    ADC_DeInit                               0x080004cd   Thumb Code    78  stm32f10x_adc.o(.text)
    ADC_Init                                 0x0800051b   Thumb Code    70  stm32f10x_adc.o(.text)
    ADC_StructInit                           0x08000561   Thumb Code    18  stm32f10x_adc.o(.text)
    ADC_Cmd                                  0x08000573   Thumb Code    22  stm32f10x_adc.o(.text)
    ADC_DMACmd                               0x08000589   Thumb Code    22  stm32f10x_adc.o(.text)
    ADC_ITConfig                             0x0800059f   Thumb Code    24  stm32f10x_adc.o(.text)
    ADC_ResetCalibration                     0x080005b7   Thumb Code    10  stm32f10x_adc.o(.text)
    ADC_GetResetCalibrationStatus            0x080005c1   Thumb Code    20  stm32f10x_adc.o(.text)
    ADC_StartCalibration                     0x080005d5   Thumb Code    10  stm32f10x_adc.o(.text)
    ADC_GetCalibrationStatus                 0x080005df   Thumb Code    20  stm32f10x_adc.o(.text)
    ADC_SoftwareStartConvCmd                 0x080005f3   Thumb Code    22  stm32f10x_adc.o(.text)
    ADC_GetSoftwareStartConvStatus           0x08000609   Thumb Code    20  stm32f10x_adc.o(.text)
    ADC_DiscModeChannelCountConfig           0x0800061d   Thumb Code    24  stm32f10x_adc.o(.text)
    ADC_DiscModeCmd                          0x08000635   Thumb Code    22  stm32f10x_adc.o(.text)
    ADC_RegularChannelConfig                 0x0800064b   Thumb Code   184  stm32f10x_adc.o(.text)
    ADC_ExternalTrigConvCmd                  0x08000703   Thumb Code    22  stm32f10x_adc.o(.text)
    ADC_GetConversionValue                   0x08000719   Thumb Code     8  stm32f10x_adc.o(.text)
    ADC_GetDualModeConversionValue           0x08000721   Thumb Code     8  stm32f10x_adc.o(.text)
    ADC_AutoInjectedConvCmd                  0x08000729   Thumb Code    22  stm32f10x_adc.o(.text)
    ADC_InjectedDiscModeCmd                  0x0800073f   Thumb Code    22  stm32f10x_adc.o(.text)
    ADC_ExternalTrigInjectedConvConfig       0x08000755   Thumb Code    16  stm32f10x_adc.o(.text)
    ADC_ExternalTrigInjectedConvCmd          0x08000765   Thumb Code    22  stm32f10x_adc.o(.text)
    ADC_SoftwareStartInjectedConvCmd         0x0800077b   Thumb Code    22  stm32f10x_adc.o(.text)
    ADC_GetSoftwareStartInjectedConvCmdStatus 0x08000791   Thumb Code    20  stm32f10x_adc.o(.text)
    ADC_InjectedChannelConfig                0x080007a5   Thumb Code   130  stm32f10x_adc.o(.text)
    ADC_InjectedSequencerLengthConfig        0x08000827   Thumb Code    24  stm32f10x_adc.o(.text)
    ADC_SetInjectedOffset                    0x0800083f   Thumb Code    20  stm32f10x_adc.o(.text)
    ADC_GetInjectedConversionValue           0x08000853   Thumb Code    28  stm32f10x_adc.o(.text)
    ADC_AnalogWatchdogCmd                    0x0800086f   Thumb Code    16  stm32f10x_adc.o(.text)
    ADC_AnalogWatchdogThresholdsConfig       0x0800087f   Thumb Code     6  stm32f10x_adc.o(.text)
    ADC_AnalogWatchdogSingleChannelConfig    0x08000885   Thumb Code    16  stm32f10x_adc.o(.text)
    ADC_TempSensorVrefintCmd                 0x08000895   Thumb Code    64  stm32f10x_adc.o(.text)
    ADC_GetFlagStatus                        0x080008d5   Thumb Code    18  stm32f10x_adc.o(.text)
    ADC_ClearFlag                            0x080008e7   Thumb Code     6  stm32f10x_adc.o(.text)
    ADC_GetITStatus                          0x080008ed   Thumb Code    36  stm32f10x_adc.o(.text)
    ADC_ClearITPendingBit                    0x08000911   Thumb Code    10  stm32f10x_adc.o(.text)
    EXTI_DeInit                              0x0800091d   Thumb Code    28  stm32f10x_exti.o(.text)
    EXTI_Init                                0x08000939   Thumb Code   142  stm32f10x_exti.o(.text)
    EXTI_StructInit                          0x080009c7   Thumb Code    16  stm32f10x_exti.o(.text)
    EXTI_GenerateSWInterrupt                 0x080009d7   Thumb Code    16  stm32f10x_exti.o(.text)
    EXTI_GetFlagStatus                       0x080009e7   Thumb Code    22  stm32f10x_exti.o(.text)
    EXTI_ClearFlag                           0x080009fd   Thumb Code     8  stm32f10x_exti.o(.text)
    EXTI_GetITStatus                         0x08000a05   Thumb Code    34  stm32f10x_exti.o(.text)
    EXTI_ClearITPendingBit                   0x08000a27   Thumb Code     8  stm32f10x_exti.o(.text)
    GPIO_DeInit                              0x08000a39   Thumb Code   172  stm32f10x_gpio.o(.text)
    GPIO_AFIODeInit                          0x08000ae5   Thumb Code    20  stm32f10x_gpio.o(.text)
    GPIO_Init                                0x08000af9   Thumb Code   278  stm32f10x_gpio.o(.text)
    GPIO_StructInit                          0x08000c0f   Thumb Code    16  stm32f10x_gpio.o(.text)
    GPIO_ReadInputDataBit                    0x08000c1f   Thumb Code    18  stm32f10x_gpio.o(.text)
    GPIO_ReadInputData                       0x08000c31   Thumb Code     8  stm32f10x_gpio.o(.text)
    GPIO_ReadOutputDataBit                   0x08000c39   Thumb Code    18  stm32f10x_gpio.o(.text)
    GPIO_ReadOutputData                      0x08000c4b   Thumb Code     8  stm32f10x_gpio.o(.text)
    GPIO_SetBits                             0x08000c53   Thumb Code     4  stm32f10x_gpio.o(.text)
    GPIO_ResetBits                           0x08000c57   Thumb Code     4  stm32f10x_gpio.o(.text)
    GPIO_WriteBit                            0x08000c5b   Thumb Code    10  stm32f10x_gpio.o(.text)
    GPIO_Write                               0x08000c65   Thumb Code     4  stm32f10x_gpio.o(.text)
    GPIO_PinLockConfig                       0x08000c69   Thumb Code    18  stm32f10x_gpio.o(.text)
    GPIO_EventOutputConfig                   0x08000c7b   Thumb Code    26  stm32f10x_gpio.o(.text)
    GPIO_EventOutputCmd                      0x08000c95   Thumb Code     6  stm32f10x_gpio.o(.text)
    GPIO_PinRemapConfig                      0x08000c9b   Thumb Code   138  stm32f10x_gpio.o(.text)
    GPIO_EXTILineConfig                      0x08000d25   Thumb Code    66  stm32f10x_gpio.o(.text)
    GPIO_ETH_MediaInterfaceConfig            0x08000d67   Thumb Code     8  stm32f10x_gpio.o(.text)
    RCC_DeInit                               0x08000d95   Thumb Code    64  stm32f10x_rcc.o(.text)
    RCC_HSEConfig                            0x08000dd5   Thumb Code    70  stm32f10x_rcc.o(.text)
    RCC_GetFlagStatus                        0x08000e1b   Thumb Code    56  stm32f10x_rcc.o(.text)
    RCC_WaitForHSEStartUp                    0x08000e53   Thumb Code    56  stm32f10x_rcc.o(.text)
    RCC_AdjustHSICalibrationValue            0x08000e8b   Thumb Code    20  stm32f10x_rcc.o(.text)
    RCC_HSICmd                               0x08000e9f   Thumb Code     6  stm32f10x_rcc.o(.text)
    RCC_PLLConfig                            0x08000ea5   Thumb Code    24  stm32f10x_rcc.o(.text)
    RCC_PLLCmd                               0x08000ebd   Thumb Code     6  stm32f10x_rcc.o(.text)
    RCC_SYSCLKConfig                         0x08000ec3   Thumb Code    18  stm32f10x_rcc.o(.text)
    RCC_GetSYSCLKSource                      0x08000ed5   Thumb Code    10  stm32f10x_rcc.o(.text)
    RCC_HCLKConfig                           0x08000edf   Thumb Code    18  stm32f10x_rcc.o(.text)
    RCC_PCLK1Config                          0x08000ef1   Thumb Code    18  stm32f10x_rcc.o(.text)
    RCC_PCLK2Config                          0x08000f03   Thumb Code    20  stm32f10x_rcc.o(.text)
    RCC_ITConfig                             0x08000f17   Thumb Code    26  stm32f10x_rcc.o(.text)
    RCC_USBCLKConfig                         0x08000f31   Thumb Code     8  stm32f10x_rcc.o(.text)
    RCC_ADCCLKConfig                         0x08000f39   Thumb Code    18  stm32f10x_rcc.o(.text)
    RCC_LSEConfig                            0x08000f4b   Thumb Code    50  stm32f10x_rcc.o(.text)
    RCC_LSICmd                               0x08000f7d   Thumb Code     6  stm32f10x_rcc.o(.text)
    RCC_RTCCLKConfig                         0x08000f83   Thumb Code    12  stm32f10x_rcc.o(.text)
    RCC_RTCCLKCmd                            0x08000f8f   Thumb Code     8  stm32f10x_rcc.o(.text)
    RCC_GetClocksFreq                        0x08000f97   Thumb Code   192  stm32f10x_rcc.o(.text)
    RCC_AHBPeriphClockCmd                    0x08001057   Thumb Code    26  stm32f10x_rcc.o(.text)
    RCC_APB2PeriphClockCmd                   0x08001071   Thumb Code    26  stm32f10x_rcc.o(.text)
    RCC_APB1PeriphClockCmd                   0x0800108b   Thumb Code    26  stm32f10x_rcc.o(.text)
    RCC_APB2PeriphResetCmd                   0x080010a5   Thumb Code    26  stm32f10x_rcc.o(.text)
    RCC_APB1PeriphResetCmd                   0x080010bf   Thumb Code    26  stm32f10x_rcc.o(.text)
    RCC_BackupResetCmd                       0x080010d9   Thumb Code     8  stm32f10x_rcc.o(.text)
    RCC_ClockSecuritySystemCmd               0x080010e1   Thumb Code     6  stm32f10x_rcc.o(.text)
    RCC_MCOConfig                            0x080010e7   Thumb Code     6  stm32f10x_rcc.o(.text)
    RCC_ClearFlag                            0x080010ed   Thumb Code    14  stm32f10x_rcc.o(.text)
    RCC_GetITStatus                          0x080010fb   Thumb Code    20  stm32f10x_rcc.o(.text)
    RCC_ClearITPendingBit                    0x0800110f   Thumb Code     6  stm32f10x_rcc.o(.text)
    TIM_DeInit                               0x08001139   Thumb Code   424  stm32f10x_tim.o(.text)
    TIM_TimeBaseInit                         0x080012e1   Thumb Code   122  stm32f10x_tim.o(.text)
    TIM_OC1Init                              0x0800135b   Thumb Code   132  stm32f10x_tim.o(.text)
    TIM_OC2Init                              0x080013df   Thumb Code   154  stm32f10x_tim.o(.text)
    TIM_OC3Init                              0x08001479   Thumb Code   150  stm32f10x_tim.o(.text)
    TIM_OC4Init                              0x0800150f   Thumb Code   182  stm32f10x_tim.o(.text)
    TIM_SetIC4Prescaler                      0x080015c5   Thumb Code    26  stm32f10x_tim.o(.text)
    TIM_SetIC3Prescaler                      0x08001661   Thumb Code    18  stm32f10x_tim.o(.text)
    TIM_SetIC2Prescaler                      0x080016ed   Thumb Code    26  stm32f10x_tim.o(.text)
    TIM_SetIC1Prescaler                      0x08001789   Thumb Code    18  stm32f10x_tim.o(.text)
    TIM_ICInit                               0x08001807   Thumb Code   150  stm32f10x_tim.o(.text)
    TIM_PWMIConfig                           0x0800189d   Thumb Code   124  stm32f10x_tim.o(.text)
    TIM_BDTRConfig                           0x08001919   Thumb Code    32  stm32f10x_tim.o(.text)
    TIM_TimeBaseStructInit                   0x08001939   Thumb Code    18  stm32f10x_tim.o(.text)
    TIM_OCStructInit                         0x0800194b   Thumb Code    20  stm32f10x_tim.o(.text)
    TIM_ICStructInit                         0x0800195f   Thumb Code    18  stm32f10x_tim.o(.text)
    TIM_BDTRStructInit                       0x08001971   Thumb Code    40  stm32f10x_tim.o(.text)
    TIM_Cmd                                  0x08001999   Thumb Code    24  stm32f10x_tim.o(.text)
    TIM_CtrlPWMOutputs                       0x080019b1   Thumb Code    30  stm32f10x_tim.o(.text)
    TIM_ITConfig                             0x080019cf   Thumb Code    18  stm32f10x_tim.o(.text)
    TIM_GenerateEvent                        0x080019e1   Thumb Code     4  stm32f10x_tim.o(.text)
    TIM_DMAConfig                            0x080019e5   Thumb Code    10  stm32f10x_tim.o(.text)
    TIM_DMACmd                               0x080019ef   Thumb Code    18  stm32f10x_tim.o(.text)
    TIM_InternalClockConfig                  0x08001a01   Thumb Code    12  stm32f10x_tim.o(.text)
    TIM_SelectInputTrigger                   0x08001a0d   Thumb Code    18  stm32f10x_tim.o(.text)
    TIM_ITRxExternalClockConfig              0x08001a1f   Thumb Code    24  stm32f10x_tim.o(.text)
    TIM_TIxExternalClockConfig               0x08001a37   Thumb Code    62  stm32f10x_tim.o(.text)
    TIM_ETRConfig                            0x08001a75   Thumb Code    28  stm32f10x_tim.o(.text)
    TIM_ETRClockMode1Config                  0x08001a91   Thumb Code    54  stm32f10x_tim.o(.text)
    TIM_ETRClockMode2Config                  0x08001ac7   Thumb Code    32  stm32f10x_tim.o(.text)
    TIM_PrescalerConfig                      0x08001ae7   Thumb Code     6  stm32f10x_tim.o(.text)
    TIM_CounterModeConfig                    0x08001aed   Thumb Code    18  stm32f10x_tim.o(.text)
    TIM_EncoderInterfaceConfig               0x08001aff   Thumb Code    66  stm32f10x_tim.o(.text)
    TIM_ForcedOC1Config                      0x08001b41   Thumb Code    18  stm32f10x_tim.o(.text)
    TIM_ForcedOC2Config                      0x08001b53   Thumb Code    26  stm32f10x_tim.o(.text)
    TIM_ForcedOC3Config                      0x08001b6d   Thumb Code    18  stm32f10x_tim.o(.text)
    TIM_ForcedOC4Config                      0x08001b7f   Thumb Code    26  stm32f10x_tim.o(.text)
    TIM_ARRPreloadConfig                     0x08001b99   Thumb Code    24  stm32f10x_tim.o(.text)
    TIM_SelectCOM                            0x08001bb1   Thumb Code    24  stm32f10x_tim.o(.text)
    TIM_SelectCCDMA                          0x08001bc9   Thumb Code    24  stm32f10x_tim.o(.text)
    TIM_CCPreloadControl                     0x08001be1   Thumb Code    24  stm32f10x_tim.o(.text)
    TIM_OC1PreloadConfig                     0x08001bf9   Thumb Code    18  stm32f10x_tim.o(.text)
    TIM_OC2PreloadConfig                     0x08001c0b   Thumb Code    26  stm32f10x_tim.o(.text)
    TIM_OC3PreloadConfig                     0x08001c25   Thumb Code    18  stm32f10x_tim.o(.text)
    TIM_OC4PreloadConfig                     0x08001c37   Thumb Code    26  stm32f10x_tim.o(.text)
    TIM_OC1FastConfig                        0x08001c51   Thumb Code    18  stm32f10x_tim.o(.text)
    TIM_OC2FastConfig                        0x08001c63   Thumb Code    26  stm32f10x_tim.o(.text)
    TIM_OC3FastConfig                        0x08001c7d   Thumb Code    18  stm32f10x_tim.o(.text)
    TIM_OC4FastConfig                        0x08001c8f   Thumb Code    26  stm32f10x_tim.o(.text)
    TIM_ClearOC1Ref                          0x08001ca9   Thumb Code    18  stm32f10x_tim.o(.text)
    TIM_ClearOC2Ref                          0x08001cbb   Thumb Code    24  stm32f10x_tim.o(.text)
    TIM_ClearOC3Ref                          0x08001cd3   Thumb Code    18  stm32f10x_tim.o(.text)
    TIM_ClearOC4Ref                          0x08001ce5   Thumb Code    24  stm32f10x_tim.o(.text)
    TIM_OC1PolarityConfig                    0x08001cfd   Thumb Code    18  stm32f10x_tim.o(.text)
    TIM_OC1NPolarityConfig                   0x08001d0f   Thumb Code    18  stm32f10x_tim.o(.text)
    TIM_OC2PolarityConfig                    0x08001d21   Thumb Code    26  stm32f10x_tim.o(.text)
    TIM_OC2NPolarityConfig                   0x08001d3b   Thumb Code    26  stm32f10x_tim.o(.text)
    TIM_OC3PolarityConfig                    0x08001d55   Thumb Code    26  stm32f10x_tim.o(.text)
    TIM_OC3NPolarityConfig                   0x08001d6f   Thumb Code    26  stm32f10x_tim.o(.text)
    TIM_OC4PolarityConfig                    0x08001d89   Thumb Code    26  stm32f10x_tim.o(.text)
    TIM_CCxCmd                               0x08001da3   Thumb Code    30  stm32f10x_tim.o(.text)
    TIM_CCxNCmd                              0x08001dc1   Thumb Code    30  stm32f10x_tim.o(.text)
    TIM_SelectOCxM                           0x08001ddf   Thumb Code    82  stm32f10x_tim.o(.text)
    TIM_UpdateDisableConfig                  0x08001e31   Thumb Code    24  stm32f10x_tim.o(.text)
    TIM_UpdateRequestConfig                  0x08001e49   Thumb Code    24  stm32f10x_tim.o(.text)
    TIM_SelectHallSensor                     0x08001e61   Thumb Code    24  stm32f10x_tim.o(.text)
    TIM_SelectOnePulseMode                   0x08001e79   Thumb Code    18  stm32f10x_tim.o(.text)
    TIM_SelectOutputTrigger                  0x08001e8b   Thumb Code    18  stm32f10x_tim.o(.text)
    TIM_SelectSlaveMode                      0x08001e9d   Thumb Code    18  stm32f10x_tim.o(.text)
    TIM_SelectMasterSlaveMode                0x08001eaf   Thumb Code    18  stm32f10x_tim.o(.text)
    TIM_SetCounter                           0x08001ec1   Thumb Code     4  stm32f10x_tim.o(.text)
    TIM_SetAutoreload                        0x08001ec5   Thumb Code     4  stm32f10x_tim.o(.text)
    TIM_SetCompare1                          0x08001ec9   Thumb Code     4  stm32f10x_tim.o(.text)
    TIM_SetCompare2                          0x08001ecd   Thumb Code     4  stm32f10x_tim.o(.text)
    TIM_SetCompare3                          0x08001ed1   Thumb Code     4  stm32f10x_tim.o(.text)
    TIM_SetCompare4                          0x08001ed5   Thumb Code     6  stm32f10x_tim.o(.text)
    TIM_SetClockDivision                     0x08001edb   Thumb Code    18  stm32f10x_tim.o(.text)
    TIM_GetCapture1                          0x08001eed   Thumb Code     6  stm32f10x_tim.o(.text)
    TIM_GetCapture2                          0x08001ef3   Thumb Code     6  stm32f10x_tim.o(.text)
    TIM_GetCapture3                          0x08001ef9   Thumb Code     6  stm32f10x_tim.o(.text)
    TIM_GetCapture4                          0x08001eff   Thumb Code     8  stm32f10x_tim.o(.text)
    TIM_GetCounter                           0x08001f07   Thumb Code     6  stm32f10x_tim.o(.text)
    TIM_GetPrescaler                         0x08001f0d   Thumb Code     6  stm32f10x_tim.o(.text)
    TIM_GetFlagStatus                        0x08001f13   Thumb Code    18  stm32f10x_tim.o(.text)
    TIM_ClearFlag                            0x08001f25   Thumb Code     6  stm32f10x_tim.o(.text)
    TIM_GetITStatus                          0x08001f2b   Thumb Code    34  stm32f10x_tim.o(.text)
    TIM_ClearITPendingBit                    0x08001f4d   Thumb Code     6  stm32f10x_tim.o(.text)
    USART_DeInit                             0x08001f55   Thumb Code   134  stm32f10x_usart.o(.text)
    USART_Init                               0x08001fdb   Thumb Code   210  stm32f10x_usart.o(.text)
    USART_StructInit                         0x080020ad   Thumb Code    24  stm32f10x_usart.o(.text)
    USART_ClockInit                          0x080020c5   Thumb Code    34  stm32f10x_usart.o(.text)
    USART_ClockStructInit                    0x080020e7   Thumb Code    12  stm32f10x_usart.o(.text)
    USART_Cmd                                0x080020f3   Thumb Code    24  stm32f10x_usart.o(.text)
    USART_ITConfig                           0x0800210b   Thumb Code    74  stm32f10x_usart.o(.text)
    USART_DMACmd                             0x08002155   Thumb Code    18  stm32f10x_usart.o(.text)
    USART_SetAddress                         0x08002167   Thumb Code    18  stm32f10x_usart.o(.text)
    USART_WakeUpConfig                       0x08002179   Thumb Code    18  stm32f10x_usart.o(.text)
    USART_ReceiverWakeUpCmd                  0x0800218b   Thumb Code    24  stm32f10x_usart.o(.text)
    USART_LINBreakDetectLengthConfig         0x080021a3   Thumb Code    18  stm32f10x_usart.o(.text)
    USART_LINCmd                             0x080021b5   Thumb Code    24  stm32f10x_usart.o(.text)
    USART_SendData                           0x080021cd   Thumb Code     8  stm32f10x_usart.o(.text)
    USART_ReceiveData                        0x080021d5   Thumb Code    10  stm32f10x_usart.o(.text)
    USART_SendBreak                          0x080021df   Thumb Code    10  stm32f10x_usart.o(.text)
    USART_SetGuardTime                       0x080021e9   Thumb Code    16  stm32f10x_usart.o(.text)
    USART_SetPrescaler                       0x080021f9   Thumb Code    16  stm32f10x_usart.o(.text)
    USART_SmartCardCmd                       0x08002209   Thumb Code    24  stm32f10x_usart.o(.text)
    USART_SmartCardNACKCmd                   0x08002221   Thumb Code    24  stm32f10x_usart.o(.text)
    USART_HalfDuplexCmd                      0x08002239   Thumb Code    24  stm32f10x_usart.o(.text)
    USART_OverSampling8Cmd                   0x08002251   Thumb Code    22  stm32f10x_usart.o(.text)
    USART_OneBitMethodCmd                    0x08002267   Thumb Code    24  stm32f10x_usart.o(.text)
    USART_IrDAConfig                         0x0800227f   Thumb Code    18  stm32f10x_usart.o(.text)
    USART_IrDACmd                            0x08002291   Thumb Code    24  stm32f10x_usart.o(.text)
    USART_GetFlagStatus                      0x080022a9   Thumb Code    26  stm32f10x_usart.o(.text)
    USART_ClearFlag                          0x080022c3   Thumb Code    18  stm32f10x_usart.o(.text)
    USART_GetITStatus                        0x080022d5   Thumb Code    84  stm32f10x_usart.o(.text)
    USART_ClearITPendingBit                  0x08002329   Thumb Code    52  stm32f10x_usart.o(.text)
    Init_Power                               0x0800235d   Thumb Code    70  gpio.o(.text)
    Control_Wheels                           0x080023a9   Thumb Code     2  motor.o(.text)
    Motor_Encoder_Init                       0x080023ab   Thumb Code   154  motor.o(.text)
    Motor_PWM_Init                           0x08002445   Thumb Code   164  motor.o(.text)
    Motor_GPIO_Init                          0x080024e9   Thumb Code    40  motor.o(.text)
    Motor_Init                               0x08002511   Thumb Code    16  motor.o(.text)
    Set_PWM                                  0x08002521   Thumb Code   102  motor.o(.text)
    Set_Dir                                  0x08002587   Thumb Code     2  motor.o(.text)
    Read_Encoder_R                           0x08002589   Thumb Code    22  motor.o(.text)
    Read_Encoder_L                           0x0800259f   Thumb Code    22  motor.o(.text)
    Read_Speed_L                             0x080025b5   Thumb Code     4  motor.o(.text)
    Read_Speed_R                             0x080025b9   Thumb Code     4  motor.o(.text)
    EXTI0_IRQHandler                         0x080025bd   Thumb Code    52  motor.o(.text)
    EXTI2_IRQHandler                         0x080025f1   Thumb Code    52  motor.o(.text)
    Usart_Init                               0x08002641   Thumb Code   178  usart.o(.text)
    UART_CH2_Init                            0x080026f3   Thumb Code   288  usart.o(.text)
    Usart_Feedback                           0x08002813   Thumb Code    32  usart.o(.text)
    UART4_IRQHandler                         0x08002833   Thumb Code   170  usart.o(.text)
    USART1_IRQHandler                        0x080028dd   Thumb Code   166  usart.o(.text)
    Usart_Process                            0x08002983   Thumb Code     2  usart.o(.text)
    Init_Tx_Data                             0x08002985   Thumb Code    30  usart.o(.text)
    Process_IO_Error                         0x080029a3   Thumb Code    12  usart.o(.text)
    Check_CRC                                0x080029af   Thumb Code     2  usart.o(.text)
    Adc_Init                                 0x080029f5   Thumb Code   132  adc.o(.text)
    Get_Adc                                  0x08002a79   Thumb Code    46  adc.o(.text)
    Get_battery_volt                         0x08002aa7   Thumb Code   118  adc.o(.text)
    TIM3_Init                                0x08002b49   Thumb Code   242  servo.o(.text)
    TIM8_Init                                0x08002c3b   Thumb Code   212  servo.o(.text)
    Set_Servo_PWM                            0x08002d0f   Thumb Code    84  servo.o(.text)
    Servo_Init                               0x08002d63   Thumb Code    82  servo.o(.text)
    Duty_to_PWM                              0x08002db5   Thumb Code    30  servo.o(.text)
    Relax_Servo                              0x08002dd3   Thumb Code   158  servo.o(.text)
    PWM                                      0x08002e71   Thumb Code    40  servo.o(.text)
    Buzzer_Init                              0x08002eb9   Thumb Code   162  buzzer.o(.text)
    Play_Tone                                0x08002f5b   Thumb Code   104  buzzer.o(.text)
    Beep_OK                                  0x08002fc3   Thumb Code    28  buzzer.o(.text)
    Beep_Poweroff                            0x08002fdf   Thumb Code    28  buzzer.o(.text)
    Beep_Usart_Error                         0x08002ffb   Thumb Code    12  buzzer.o(.text)
    Beep_Encoder_Error                       0x08003007   Thumb Code     2  buzzer.o(.text)
    PlayMusic                                0x08003009   Thumb Code   208  buzzer.o(.text)
    delay_init                               0x080030f9   Thumb Code    50  delay.o(.text)
    delay_us                                 0x0800312b   Thumb Code    22  delay.o(.text)
    delay_ms                                 0x08003141   Thumb Code    26  delay.o(.text)
    Init_Control_Timer                       0x0800316d   Thumb Code    94  control.o(.text)
    Init_CPU_Usage_Indicator_LED             0x080031cb   Thumb Code     2  control.o(.text)
    MainLoop_Control                         0x080031cd   Thumb Code     2  control.o(.text)
    TIM2_IRQHandler                          0x080031cf   Thumb Code    28  control.o(.text)
    main                                     0x080031ed   Thumb Code    58  main.o(.text)
    NMI_Handler                              0x0800322d   Thumb Code     2  stm32f10x_it.o(.text)
    HardFault_Handler                        0x0800322f   Thumb Code     4  stm32f10x_it.o(.text)
    MemManage_Handler                        0x08003233   Thumb Code     4  stm32f10x_it.o(.text)
    BusFault_Handler                         0x08003237   Thumb Code     4  stm32f10x_it.o(.text)
    UsageFault_Handler                       0x0800323b   Thumb Code     4  stm32f10x_it.o(.text)
    SVC_Handler                              0x0800323f   Thumb Code     2  stm32f10x_it.o(.text)
    DebugMon_Handler                         0x08003241   Thumb Code     2  stm32f10x_it.o(.text)
    PendSV_Handler                           0x08003243   Thumb Code     2  stm32f10x_it.o(.text)
    __use_two_region_memory                  0x08003245   Thumb Code     2  heapauxi.o(.text)
    __rt_heap_escrow$2region                 0x08003247   Thumb Code     2  heapauxi.o(.text)
    __rt_heap_expand$2region                 0x08003249   Thumb Code     2  heapauxi.o(.text)
    __user_setup_stackheap                   0x0800324b   Thumb Code    74  sys_stackheap_outer.o(.text)
    exit                                     0x08003295   Thumb Code    12  exit.o(.text)
    __user_libspace                          0x080032a1   Thumb Code     8  libspace.o(.text)
    __user_perproc_libspace                  0x080032a1   Thumb Code     0  libspace.o(.text)
    __user_perthread_libspace                0x080032a1   Thumb Code     0  libspace.o(.text)
    _sys_exit                                0x080032a9   Thumb Code     8  sys_exit.o(.text)
    __I$use$semihosting                      0x080032b5   Thumb Code     0  use_no_semi.o(.text)
    __use_no_semihosting_swi                 0x080032b5   Thumb Code     2  use_no_semi.o(.text)
    __semihosting_library_function           0x080032b7   Thumb Code     0  indicate_semi.o(.text)
    __aeabi_d2f                              0x080032b9   Thumb Code     0  d2f.o(x$fpl$d2f)
    _d2f                                     0x080032b9   Thumb Code    98  d2f.o(x$fpl$d2f)
    __aeabi_dadd                             0x0800331d   Thumb Code     0  daddsub_clz.o(x$fpl$dadd)
    _dadd                                    0x0800331d   Thumb Code   332  daddsub_clz.o(x$fpl$dadd)
    __aeabi_ddiv                             0x0800346d   Thumb Code     0  ddiv.o(x$fpl$ddiv)
    _ddiv                                    0x0800346d   Thumb Code   552  ddiv.o(x$fpl$ddiv)
    __aeabi_d2iz                             0x0800371d   Thumb Code     0  dfix.o(x$fpl$dfix)
    _dfix                                    0x0800371d   Thumb Code    94  dfix.o(x$fpl$dfix)
    __aeabi_d2uiz                            0x0800377d   Thumb Code     0  dfixu.o(x$fpl$dfixu)
    _dfixu                                   0x0800377d   Thumb Code    90  dfixu.o(x$fpl$dfixu)
    __aeabi_ui2d                             0x080037d7   Thumb Code     0  dflt_clz.o(x$fpl$dfltu)
    _dfltu                                   0x080037d7   Thumb Code    38  dflt_clz.o(x$fpl$dfltu)
    __aeabi_dmul                             0x080037fd   Thumb Code     0  dmul.o(x$fpl$dmul)
    _dmul                                    0x080037fd   Thumb Code   332  dmul.o(x$fpl$dmul)
    __fpl_dnaninf                            0x08003951   Thumb Code   156  dnaninf.o(x$fpl$dnaninf)
    __fpl_dretinf                            0x080039ed   Thumb Code    12  dretinf.o(x$fpl$dretinf)
    __aeabi_dsub                             0x080039f9   Thumb Code     0  daddsub_clz.o(x$fpl$dsub)
    _dsub                                    0x080039f9   Thumb Code   464  daddsub_clz.o(x$fpl$dsub)
    __aeabi_f2d                              0x08003bcd   Thumb Code     0  f2d.o(x$fpl$f2d)
    _f2d                                     0x08003bcd   Thumb Code    86  f2d.o(x$fpl$f2d)
    __aeabi_fadd                             0x08003c25   Thumb Code     0  faddsub_clz.o(x$fpl$fadd)
    _fadd                                    0x08003c25   Thumb Code   196  faddsub_clz.o(x$fpl$fadd)
    __fpl_fcmp_Inf                           0x08003ce9   Thumb Code    24  fcmpi.o(x$fpl$fcmpinf)
    __aeabi_f2uiz                            0x08003d01   Thumb Code     0  ffixu.o(x$fpl$ffixu)
    _ffixu                                   0x08003d01   Thumb Code    62  ffixu.o(x$fpl$ffixu)
    __aeabi_cfcmple                          0x08003d41   Thumb Code     0  fleqf.o(x$fpl$fleqf)
    _fcmple                                  0x08003d41   Thumb Code   104  fleqf.o(x$fpl$fleqf)
    __fpl_fcmple_InfNaN                      0x08003d93   Thumb Code     0  fleqf.o(x$fpl$fleqf)
    __aeabi_fmul                             0x08003da9   Thumb Code     0  fmul.o(x$fpl$fmul)
    _fmul                                    0x08003da9   Thumb Code   258  fmul.o(x$fpl$fmul)
    __fpl_fnaninf                            0x08003eab   Thumb Code   140  fnaninf.o(x$fpl$fnaninf)
    __fpl_fretinf                            0x08003f37   Thumb Code    10  fretinf.o(x$fpl$fretinf)
    __aeabi_cfrcmple                         0x08003f41   Thumb Code     0  frleqf.o(x$fpl$frleqf)
    _frcmple                                 0x08003f41   Thumb Code    98  frleqf.o(x$fpl$frleqf)
    __aeabi_fsub                             0x08003fa5   Thumb Code     0  faddsub_clz.o(x$fpl$fsub)
    _fsub                                    0x08003fa5   Thumb Code   234  faddsub_clz.o(x$fpl$fsub)
    __I$use$fp                               0x0800408e   Number         0  usenofp.o(x$fpl$usenofp)
    tone                                     0x0800408e   Data          28  buzzer.o(.constdata)
    music                                    0x080040aa   Data         121  buzzer.o(.constdata)
    time                                     0x08004123   Data         121  buzzer.o(.constdata)
    Region$$Table$$Base                      0x0800419c   Number         0  anon$$obj.o(Region$$Table)
    Region$$Table$$Limit                     0x080041bc   Number         0  anon$$obj.o(Region$$Table)
    SystemCoreClock                          0x20000000   Data           4  system_stm32f10x.o(.data)
    AHBPrescTable                            0x20000004   Data          16  system_stm32f10x.o(.data)
    encoder_L                                0x20000028   Data           4  motor.o(.data)
    encoder_R                                0x2000002c   Data           4  motor.o(.data)
    pwm_L                                    0x20000030   Data           4  motor.o(.data)
    pwm_R                                    0x20000034   Data           4  motor.o(.data)
    tar_spd_L                                0x20000038   Data           4  motor.o(.data)
    tar_spd_R                                0x2000003c   Data           4  motor.o(.data)
    spd_L                                    0x20000040   Data           4  motor.o(.data)
    spd_R                                    0x20000044   Data           4  motor.o(.data)
    pid_P                                    0x20000048   Data           4  motor.o(.data)
    pid_I                                    0x2000004c   Data           4  motor.o(.data)
    pid_D                                    0x20000050   Data           4  motor.o(.data)
    rx_pack_State                            0x2000005c   Data           1  usart.o(.data)
    tx_pack_State                            0x2000005d   Data           1  usart.o(.data)
    rx_pack_Addr                             0x2000005e   Data           1  usart.o(.data)
    tx_pack_Addr                             0x2000005f   Data           1  usart.o(.data)
    rx_pack_Len                              0x20000060   Data           1  usart.o(.data)
    tx_pack_Len                              0x20000061   Data           1  usart.o(.data)
    rx_pack_Cmd                              0x20000062   Data           1  usart.o(.data)
    tx_pack_Cmd                              0x20000063   Data           1  usart.o(.data)
    usart_Delay                              0x20000064   Data           1  usart.o(.data)
    VV                                       0x20000068   Data           4  adc.o(.data)
    bat_Percentage                           0x2000006c   Data           1  adc.o(.data)
    servoPWM                                 0x20000076   Data          16  servo.o(.data)
    music_len                                0x20000088   Data           4  buzzer.o(.data)
    music_index                              0x2000008c   Data           4  buzzer.o(.data)
    rx_Data                                  0x20000094   Data         256  usart.o(.bss)
    tx_Data                                  0x20000194   Data         256  usart.o(.bss)
    temp                                     0x20000294   Data          10  usart.o(.bss)
    __libspace_start                         0x200002a0   Data          96  libspace.o(.bss)
    __temporary_stack_top$libspace           0x20000300   Data           0  libspace.o(.bss)



==============================================================================

Memory Map of the image

  Image Entry point : 0x08000135

  Load Region LR_IROM1 (Base: 0x08000000, Size: 0x00004250, Max: 0x00040000, ABSOLUTE)

    Execution Region ER_IROM1 (Base: 0x08000000, Size: 0x000041bc, Max: 0x00040000, ABSOLUTE)

    Base Addr    Size         Type   Attr      Idx    E Section Name        Object

    0x08000000   0x00000134   Data   RO          116    RESET               startup_stm32f10x_hd_vl.o
    0x08000134   0x00000008   Code   RO          750  * !!!main             c_w.l(__main.o)
    0x0800013c   0x00000034   Code   RO          977    !!!scatter          c_w.l(__scatter.o)
    0x08000170   0x0000001a   Code   RO          979    !!handler_copy      c_w.l(__scatter_copy.o)
    0x0800018a   0x00000002   PAD
    0x0800018c   0x0000001c   Code   RO          981    !!handler_zi        c_w.l(__scatter_zi.o)
    0x080001a8   0x00000002   Code   RO          848    .ARM.Collect$$libinit$$00000000  c_w.l(libinit.o)
    0x080001aa   0x00000000   Code   RO          855    .ARM.Collect$$libinit$$00000002  c_w.l(libinit2.o)
    0x080001aa   0x00000000   Code   RO          857    .ARM.Collect$$libinit$$00000004  c_w.l(libinit2.o)
    0x080001aa   0x00000000   Code   RO          860    .ARM.Collect$$libinit$$0000000A  c_w.l(libinit2.o)
    0x080001aa   0x00000000   Code   RO          862    .ARM.Collect$$libinit$$0000000C  c_w.l(libinit2.o)
    0x080001aa   0x00000000   Code   RO          864    .ARM.Collect$$libinit$$0000000E  c_w.l(libinit2.o)
    0x080001aa   0x00000000   Code   RO          867    .ARM.Collect$$libinit$$00000011  c_w.l(libinit2.o)
    0x080001aa   0x00000000   Code   RO          869    .ARM.Collect$$libinit$$00000013  c_w.l(libinit2.o)
    0x080001aa   0x00000000   Code   RO          871    .ARM.Collect$$libinit$$00000015  c_w.l(libinit2.o)
    0x080001aa   0x00000000   Code   RO          873    .ARM.Collect$$libinit$$00000017  c_w.l(libinit2.o)
    0x080001aa   0x00000000   Code   RO          875    .ARM.Collect$$libinit$$00000019  c_w.l(libinit2.o)
    0x080001aa   0x00000000   Code   RO          877    .ARM.Collect$$libinit$$0000001B  c_w.l(libinit2.o)
    0x080001aa   0x00000000   Code   RO          879    .ARM.Collect$$libinit$$0000001D  c_w.l(libinit2.o)
    0x080001aa   0x00000000   Code   RO          881    .ARM.Collect$$libinit$$0000001F  c_w.l(libinit2.o)
    0x080001aa   0x00000000   Code   RO          883    .ARM.Collect$$libinit$$00000021  c_w.l(libinit2.o)
    0x080001aa   0x00000000   Code   RO          885    .ARM.Collect$$libinit$$00000023  c_w.l(libinit2.o)
    0x080001aa   0x00000000   Code   RO          887    .ARM.Collect$$libinit$$00000025  c_w.l(libinit2.o)
    0x080001aa   0x00000000   Code   RO          891    .ARM.Collect$$libinit$$0000002C  c_w.l(libinit2.o)
    0x080001aa   0x00000000   Code   RO          893    .ARM.Collect$$libinit$$0000002E  c_w.l(libinit2.o)
    0x080001aa   0x00000000   Code   RO          895    .ARM.Collect$$libinit$$00000030  c_w.l(libinit2.o)
    0x080001aa   0x00000000   Code   RO          897    .ARM.Collect$$libinit$$00000032  c_w.l(libinit2.o)
    0x080001aa   0x00000002   Code   RO          898    .ARM.Collect$$libinit$$00000033  c_w.l(libinit2.o)
    0x080001ac   0x00000002   Code   RO          918    .ARM.Collect$$libshutdown$$00000000  c_w.l(libshutdown.o)
    0x080001ae   0x00000000   Code   RO          932    .ARM.Collect$$libshutdown$$00000003  c_w.l(libshutdown2.o)
    0x080001ae   0x00000000   Code   RO          935    .ARM.Collect$$libshutdown$$00000006  c_w.l(libshutdown2.o)
    0x080001ae   0x00000000   Code   RO          938    .ARM.Collect$$libshutdown$$00000009  c_w.l(libshutdown2.o)
    0x080001ae   0x00000000   Code   RO          940    .ARM.Collect$$libshutdown$$0000000B  c_w.l(libshutdown2.o)
    0x080001ae   0x00000000   Code   RO          943    .ARM.Collect$$libshutdown$$0000000E  c_w.l(libshutdown2.o)
    0x080001ae   0x00000002   Code   RO          944    .ARM.Collect$$libshutdown$$0000000F  c_w.l(libshutdown2.o)
    0x080001b0   0x00000000   Code   RO          812    .ARM.Collect$$rtentry$$00000000  c_w.l(__rtentry.o)
    0x080001b0   0x00000000   Code   RO          825    .ARM.Collect$$rtentry$$00000002  c_w.l(__rtentry2.o)
    0x080001b0   0x00000006   Code   RO          837    .ARM.Collect$$rtentry$$00000004  c_w.l(__rtentry4.o)
    0x080001b6   0x00000000   Code   RO          827    .ARM.Collect$$rtentry$$00000009  c_w.l(__rtentry2.o)
    0x080001b6   0x00000004   Code   RO          828    .ARM.Collect$$rtentry$$0000000A  c_w.l(__rtentry2.o)
    0x080001ba   0x00000000   Code   RO          830    .ARM.Collect$$rtentry$$0000000C  c_w.l(__rtentry2.o)
    0x080001ba   0x00000008   Code   RO          831    .ARM.Collect$$rtentry$$0000000D  c_w.l(__rtentry2.o)
    0x080001c2   0x00000002   Code   RO          852    .ARM.Collect$$rtexit$$00000000  c_w.l(rtexit.o)
    0x080001c4   0x00000000   Code   RO          900    .ARM.Collect$$rtexit$$00000002  c_w.l(rtexit2.o)
    0x080001c4   0x00000004   Code   RO          901    .ARM.Collect$$rtexit$$00000003  c_w.l(rtexit2.o)
    0x080001c8   0x00000006   Code   RO          902    .ARM.Collect$$rtexit$$00000004  c_w.l(rtexit2.o)
    0x080001ce   0x00000002   PAD
    0x080001d0   0x000001e0   Code   RO           17    .text               system_stm32f10x.o
    0x080003b0   0x00000040   Code   RO          117    .text               startup_stm32f10x_hd_vl.o
    0x080003f0   0x000000dc   Code   RO          121    .text               misc.o
    0x080004cc   0x0000044e   Code   RO          156    .text               stm32f10x_adc.o
    0x0800091a   0x00000002   PAD
    0x0800091c   0x0000011c   Code   RO          252    .text               stm32f10x_exti.o
    0x08000a38   0x0000035c   Code   RO          288    .text               stm32f10x_gpio.o
    0x08000d94   0x000003a4   Code   RO          336    .text               stm32f10x_rcc.o
    0x08001138   0x00000e1a   Code   RO          386    .text               stm32f10x_tim.o
    0x08001f52   0x00000002   PAD
    0x08001f54   0x00000408   Code   RO          398    .text               stm32f10x_usart.o
    0x0800235c   0x0000004c   Code   RO          422    .text               gpio.o
    0x080023a8   0x00000298   Code   RO          502    .text               motor.o
    0x08002640   0x000003b4   Code   RO          520    .text               usart.o
    0x080029f4   0x00000154   Code   RO          577    .text               adc.o
    0x08002b48   0x00000370   Code   RO          596    .text               servo.o
    0x08002eb8   0x00000240   Code   RO          614    .text               buzzer.o
    0x080030f8   0x00000074   Code   RO          630    .text               delay.o
    0x0800316c   0x0000007e   Code   RO          670    .text               control.o
    0x080031ea   0x00000002   PAD
    0x080031ec   0x00000040   Code   RO          685    .text               main.o
    0x0800322c   0x00000018   Code   RO          731    .text               stm32f10x_it.o
    0x08003244   0x00000006   Code   RO          748    .text               c_w.l(heapauxi.o)
    0x0800324a   0x0000004a   Code   RO          839    .text               c_w.l(sys_stackheap_outer.o)
    0x08003294   0x0000000c   Code   RO          841    .text               c_w.l(exit.o)
    0x080032a0   0x00000008   Code   RO          849    .text               c_w.l(libspace.o)
    0x080032a8   0x0000000c   Code   RO          910    .text               c_w.l(sys_exit.o)
    0x080032b4   0x00000002   Code   RO          921    .text               c_w.l(use_no_semi.o)
    0x080032b6   0x00000000   Code   RO          923    .text               c_w.l(indicate_semi.o)
    0x080032b6   0x00000002   PAD
    0x080032b8   0x00000062   Code   RO          752    x$fpl$d2f           fz_ws.l(d2f.o)
    0x0800331a   0x00000002   PAD
    0x0800331c   0x00000150   Code   RO          754    x$fpl$dadd          fz_ws.l(daddsub_clz.o)
    0x0800346c   0x000002b0   Code   RO          761    x$fpl$ddiv          fz_ws.l(ddiv.o)
    0x0800371c   0x0000005e   Code   RO          764    x$fpl$dfix          fz_ws.l(dfix.o)
    0x0800377a   0x00000002   PAD
    0x0800377c   0x0000005a   Code   RO          768    x$fpl$dfixu         fz_ws.l(dfixu.o)
    0x080037d6   0x00000026   Code   RO          772    x$fpl$dfltu         fz_ws.l(dflt_clz.o)
    0x080037fc   0x00000154   Code   RO          778    x$fpl$dmul          fz_ws.l(dmul.o)
    0x08003950   0x0000009c   Code   RO          813    x$fpl$dnaninf       fz_ws.l(dnaninf.o)
    0x080039ec   0x0000000c   Code   RO          815    x$fpl$dretinf       fz_ws.l(dretinf.o)
    0x080039f8   0x000001d4   Code   RO          756    x$fpl$dsub          fz_ws.l(daddsub_clz.o)
    0x08003bcc   0x00000056   Code   RO          780    x$fpl$f2d           fz_ws.l(f2d.o)
    0x08003c22   0x00000002   PAD
    0x08003c24   0x000000c4   Code   RO          782    x$fpl$fadd          fz_ws.l(faddsub_clz.o)
    0x08003ce8   0x00000018   Code   RO          817    x$fpl$fcmpinf       fz_ws.l(fcmpi.o)
    0x08003d00   0x0000003e   Code   RO          796    x$fpl$ffixu         fz_ws.l(ffixu.o)
    0x08003d3e   0x00000002   PAD
    0x08003d40   0x00000068   Code   RO          806    x$fpl$fleqf         fz_ws.l(fleqf.o)
    0x08003da8   0x00000102   Code   RO          808    x$fpl$fmul          fz_ws.l(fmul.o)
    0x08003eaa   0x0000008c   Code   RO          819    x$fpl$fnaninf       fz_ws.l(fnaninf.o)
    0x08003f36   0x0000000a   Code   RO          821    x$fpl$fretinf       fz_ws.l(fretinf.o)
    0x08003f40   0x00000062   Code   RO          810    x$fpl$frleqf        fz_ws.l(frleqf.o)
    0x08003fa2   0x00000002   PAD
    0x08003fa4   0x000000ea   Code   RO          784    x$fpl$fsub          fz_ws.l(faddsub_clz.o)
    0x0800408e   0x00000000   Code   RO          823    x$fpl$usenofp       fz_ws.l(usenofp.o)
    0x0800408e   0x0000010e   Data   RO          615    .constdata          buzzer.o
    0x0800419c   0x00000020   Data   RO          975    Region$$Table       anon$$obj.o


    Execution Region RW_IRAM1 (Base: 0x20000000, Size: 0x00000900, Max: 0x0000c000, ABSOLUTE)

    Base Addr    Size         Type   Attr      Idx    E Section Name        Object

    0x20000000   0x00000014   Data   RW           18    .data               system_stm32f10x.o
    0x20000014   0x00000014   Data   RW          337    .data               stm32f10x_rcc.o
    0x20000028   0x00000034   Data   RW          503    .data               motor.o
    0x2000005c   0x0000000b   Data   RW          522    .data               usart.o
    0x20000067   0x00000001   PAD
    0x20000068   0x0000000d   Data   RW          579    .data               adc.o
    0x20000075   0x00000001   PAD
    0x20000076   0x00000010   Data   RW          597    .data               servo.o
    0x20000086   0x00000002   PAD
    0x20000088   0x00000008   Data   RW          616    .data               buzzer.o
    0x20000090   0x00000004   Data   RW          631    .data               delay.o
    0x20000094   0x0000020a   Zero   RW          521    .bss                usart.o
    0x2000029e   0x00000002   PAD
    0x200002a0   0x00000060   Zero   RW          850    .bss                c_w.l(libspace.o)
    0x20000300   0x00000200   Zero   RW          115    HEAP                startup_stm32f10x_hd_vl.o
    0x20000500   0x00000400   Zero   RW          114    STACK               startup_stm32f10x_hd_vl.o


==============================================================================

Image component sizes


      Code (inc. data)   RO Data    RW Data    ZI Data      Debug   Object Name

       340         44          0         13          0       1434   adc.o
       576         32        270          8          0       2172   buzzer.o
       126          0          0          0          0        963   control.o
         0          0          0          0          0       4556   core_cm3.o
       116         18          0          4          0        927   delay.o
        76          6          0          0          0        457   gpio.o
        64          6          0          0          0        427   main.o
       220         22          0          0          0     217717   misc.o
       664         28          0         52          0       3232   motor.o
       880         42          0         16          0       3250   servo.o
        64         26        308          0       1536        856   startup_stm32f10x_hd_vl.o
      1102         26          0          0          0      10809   stm32f10x_adc.o
       284         10          0          0          0       2207   stm32f10x_exti.o
       860         38          0          0          0       5617   stm32f10x_gpio.o
        24          0          0          0          0       1070   stm32f10x_it.o
       932         36          0         20          0       8764   stm32f10x_rcc.o
      3610         88          0          0          0      22104   stm32f10x_tim.o
      1032         22          0          0          0       8344   stm32f10x_usart.o
       480         38          0         20          0      45299   system_stm32f10x.o
       948         68          0         11        522       3092   usart.o

    ----------------------------------------------------------------------
     12404        550        610        148       2060     343297   Object Totals
         0          0         32          0          0          0   (incl. Generated)
         6          0          0          4          2          0   (incl. Padding)

    ----------------------------------------------------------------------

      Code (inc. data)   RO Data    RW Data    ZI Data      Debug   Library Member Name

         8          0          0          0          0         68   __main.o
         0          0          0          0          0          0   __rtentry.o
        12          0          0          0          0          0   __rtentry2.o
         6          0          0          0          0          0   __rtentry4.o
        52          8          0          0          0          0   __scatter.o
        26          0          0          0          0          0   __scatter_copy.o
        28          0          0          0          0          0   __scatter_zi.o
        12          0          0          0          0         72   exit.o
         6          0          0          0          0        152   heapauxi.o
         0          0          0          0          0          0   indicate_semi.o
         2          0          0          0          0          0   libinit.o
         2          0          0          0          0          0   libinit2.o
         2          0          0          0          0          0   libshutdown.o
         2          0          0          0          0          0   libshutdown2.o
         8          4          0          0         96         68   libspace.o
         2          0          0          0          0          0   rtexit.o
        10          0          0          0          0          0   rtexit2.o
        12          4          0          0          0         68   sys_exit.o
        74          0          0          0          0         80   sys_stackheap_outer.o
         2          0          0          0          0         68   use_no_semi.o
        98          4          0          0          0         92   d2f.o
       804         16          0          0          0        272   daddsub_clz.o
       688        140          0          0          0        208   ddiv.o
        94          4          0          0          0         92   dfix.o
        90          4          0          0          0         92   dfixu.o
        38          0          0          0          0         68   dflt_clz.o
       340         12          0          0          0        104   dmul.o
       156          4          0          0          0         92   dnaninf.o
        12          0          0          0          0         68   dretinf.o
        86          4          0          0          0         84   f2d.o
       430          8          0          0          0        168   faddsub_clz.o
        24          0          0          0          0         68   fcmpi.o
        62          4          0          0          0         84   ffixu.o
       104          4          0          0          0         84   fleqf.o
       258          4          0          0          0         84   fmul.o
       140          4          0          0          0         84   fnaninf.o
        10          0          0          0          0         68   fretinf.o
        98          0          0          0          0         68   frleqf.o
         0          0          0          0          0          0   usenofp.o

    ----------------------------------------------------------------------
      3814        228          0          0         96       2456   Library Totals
        16          0          0          0          0          0   (incl. Padding)

    ----------------------------------------------------------------------

      Code (inc. data)   RO Data    RW Data    ZI Data      Debug   Library Name

       266         16          0          0         96        576   c_w.l
      3532        212          0          0          0       1880   fz_ws.l

    ----------------------------------------------------------------------
      3814        228          0          0         96       2456   Library Totals

    ----------------------------------------------------------------------

==============================================================================


      Code (inc. data)   RO Data    RW Data    ZI Data      Debug   

     16218        778        610        148       2156     342837   Grand Totals
     16218        778        610        148       2156     342837   ELF Image Totals
     16218        778        610        148          0          0   ROM Totals

==============================================================================

    Total RO  Size (Code + RO Data)                16828 (  16.43kB)
    Total RW  Size (RW Data + ZI Data)              2304 (   2.25kB)
    Total ROM Size (Code + RO Data + RW Data)      16976 (  16.58kB)

==============================================================================

